time="2026-10-04T19:58:00+08:00" level=info msg="arduino-cli version 1.5.1"
time="2026-10-04T19:58:00+08:00" level=info msg="Using config file: C:\\Users\\1\\AppData\\Local\\Arduino15\\arduino-cli.yaml"
time="2026-10-04T19:58:00+08:00" level=info msg="Executing `arduino-cli compile`"
time="2026-10-04T19:58:00+08:00" level=info msg="Checking signature" index="C:\\Users\\1\\AppData\\Local\\Arduino15\\package_index.json" signatureFile="C:\\Users\\1\\AppData\\Local\\Arduino15\\package_index.json.sig" trusted=true
time="2026-10-04T19:58:00+08:00" level=info msg="Loading hardware from: C:\\Users\\1\\AppData\\Local\\Arduino15\\packages"
time="2026-10-04T19:58:00+08:00" level=info msg="Loading package arduino from: C:\\Users\\1\\AppData\\Local\\Arduino15\\packages\\arduino\\hardware"
time="2026-10-04T19:58:00+08:00" level=info msg="Missing signature file" index="C:\\Users\\1\\AppData\\Local\\Arduino15\\packages\\arduino\\hardware\\avr\\1.8.8\\installed.json"
time="2026-10-04T19:58:00+08:00" level=info msg="Adding monitor tool" protocol=serial tool="builtin:serial-monitor"
time="2026-10-04T19:58:00+08:00" level=info msg="Loaded platform" platform="arduino:avr@1.8.8"
time="2026-10-04T19:58:00+08:00" level=info msg="Missing signature file" index="C:\\Users\\1\\AppData\\Local\\Arduino15\\packages\\arduino\\hardware\\esp32\\2.0.18-arduino.5\\installed.json"
time="2026-10-04T19:58:00+08:00" level=info msg="Adding monitor tool" protocol=serial tool="builtin:serial-monitor"
time="2026-10-04T19:58:00+08:00" level=info msg="Loaded platform" platform="arduino:esp32@2.0.18-arduino.5"
time="2026-10-04T19:58:00+08:00" level=info msg="Checking existence of 'tools' path: C:\\Users\\1\\AppData\\Local\\Arduino15\\packages\\arduino\\tools"
time="2026-10-04T19:58:00+08:00" level=info msg="Loading tools from dir: C:\\Users\\1\\AppData\\Local\\Arduino15\\packages\\arduino\\tools"
time="2026-10-04T19:58:00+08:00" level=info msg="Loaded tool" tool="arduino:arduinoOTA@1.3.0"
time="2026-10-04T19:58:00+08:00" level=info msg="Loaded tool" tool="arduino:avr-gcc@7.3.0-atmel3.6.1-arduino7"
time="2026-10-04T19:58:00+08:00" level=info msg="Loaded tool" tool="arduino:avrdude@8.0.0-arduino1"
time="2026-10-04T19:58:00+08:00" level=info msg="Loaded tool" tool="arduino:dfu-util@0.11.0-arduino5"
time="2026-10-04T19:58:00+08:00" level=info msg="Loading package builtin from: C:\\Users\\1\\AppData\\Local\\Arduino15\\packages\\builtin"
time="2026-10-04T19:58:00+08:00" level=info msg="Checking existence of 'tools' path: C:\\Users\\1\\AppData\\Local\\Arduino15\\packages\\builtin\\tools"
time="2026-10-04T19:58:00+08:00" level=info msg="Loading tools from dir: C:\\Users\\1\\AppData\\Local\\Arduino15\\packages\\builtin\\tools"
time="2026-10-04T19:58:00+08:00" level=info msg="Loaded tool" tool="builtin:ctags@5.8-arduino11"
time="2026-10-04T19:58:00+08:00" level=info msg="Loaded tool" tool="builtin:dfu-discovery@0.1.2"
time="2026-10-04T19:58:00+08:00" level=info msg="Loaded tool" tool="builtin:mdns-discovery@1.1.0"
time="2026-10-04T19:58:00+08:00" level=info msg="Loaded tool" tool="builtin:serial-discovery@1.5.2"
time="2026-10-04T19:58:00+08:00" level=info msg="Loaded tool" tool="builtin:serial-monitor@0.15.0"
time="2026-10-04T19:58:00+08:00" level=info msg="Loading package esp32 from: C:\\Users\\1\\AppData\\Local\\Arduino15\\packages\\esp32\\hardware"
time="2026-10-04T19:58:00+08:00" level=info msg="Missing signature file" index="C:\\Users\\1\\AppData\\Local\\Arduino15\\packages\\esp32\\hardware\\esp32\\2.0.12\\installed.json"
time="2026-10-04T19:58:00+08:00" level=info msg="Adding monitor tool" protocol=serial tool="builtin:serial-monitor"
time="2026-10-04T19:58:00+08:00" level=info msg="Loaded platform" platform="esp32:esp32@2.0.12"
time="2026-10-04T19:58:00+08:00" level=info msg="Missing signature file" index="C:\\Users\\1\\AppData\\Local\\Arduino15\\packages\\esp32\\hardware\\esp32\\2.0.17\\installed.json"
