esptool.py v4.5.1
Serial port COM9
Connecting....
Chip is ESP32-D0WD (revision v1.1)
Features: WiFi, BT, Dual Core, 240MHz, VRef calibration in efuse, Coding Scheme None
Crystal is 40MHz
MAC: 68:09:47:7b:9f:64
Uploading stub...
Running stub...
Stub running...
Changing baud rate to 230400
Changed.
Configuring flash size...
Flash will be erased from 0x00010000 to 0x00059fff...
Compressed 301024 bytes to 171491...
Writing at 0x00010000... (9 %)
Writing at 0x0001af3c... (18 %)
Writing at 0x00023fc6... (27 %)
Writing at 0x000296cc... (36 %)
Writing at 0x0002e8d4... (45 %)
Writing at 0x00033f49... (54 %)
Writing at 0x000394ea... (63 %)
Writing at 0x00041dd1... (72 %)
Writing at 0x0004c1c0... (81 %)
Writing at 0x0005154d... (90 %)
Writing at 0x00056ce2... (100 %)
Wrote 301024 bytes (171491 compressed) at 0x00010000 in 7.6 seconds (effective 315.0 kbit/s)...
Hash of data verified.

Leaving...
Verifying just-written flash...
(This option is deprecated, flash contents are now always read back after flashing.)
Verifying 0x497e0 (301024) bytes @ 0x00010000 in flash against .arduino-build-execution-preflight-r1\NexArm_Execution_Preflight.ino.bin...
-- verify OK (digest matched)
Hard resetting via RTS pin...
