esptool.py v4.5.1
Serial port COM9
Connecting.....
Chip is ESP32-D0WD (revision v1.1)
Features: WiFi, BT, Dual Core, 240MHz, VRef calibration in efuse, Coding Scheme None
Crystal is 40MHz
MAC: 68:09:47:7b:9f:64
Uploading stub...
Running stub...
Stub running...
Changing baud rate to 230400
Changed.
Configuring flash size...
Flash will be erased from 0x00001000 to 0x00005fff...
Flash will be erased from 0x00008000 to 0x00008fff...
Flash will be erased from 0x0000e000 to 0x0000ffff...
Flash will be erased from 0x00010000 to 0x00059fff...
Compressed 18992 bytes to 13110...
Writing at 0x00001000... (100 %)
Wrote 18992 bytes (13110 compressed) at 0x00001000 in 0.7 seconds (effective 212.8 kbit/s)...
Hash of data verified.
Compressed 3072 bytes to 146...
Writing at 0x00008000... (100 %)
Wrote 3072 bytes (146 compressed) at 0x00008000 in 0.0 seconds (effective 725.8 kbit/s)...
Hash of data verified.
Compressed 8192 bytes to 47...
Writing at 0x0000e000... (100 %)
Wrote 8192 bytes (47 compressed) at 0x0000e000 in 0.1 seconds (effective 1081.6 kbit/s)...
Hash of data verified.
Compressed 301024 bytes to 171489...
Writing at 0x00010000... (9 %)
Writing at 0x0001af3d... (18 %)
Writing at 0x00023fca... (27 %)
Writing at 0x000296cf... (36 %)
Writing at 0x0002e8d6... (45 %)
Writing at 0x00033f4b... (54 %)
Writing at 0x000394e5... (63 %)
Writing at 0x00041dd3... (72 %)
Writing at 0x0004c1c1... (81 %)
Writing at 0x00051551... (90 %)
Writing at 0x00056ce4... (100 %)
Wrote 301024 bytes (171489 compressed) at 0x00010000 in 7.6 seconds (effective 315.2 kbit/s)...
Hash of data verified.

Leaving...
Verifying just-written flash...
(This option is deprecated, flash contents are now always read back after flashing.)
Verifying 0x4a30 (18992) bytes @ 0x00001000 in flash against .arduino-build-execution-preflight-r1\NexArm_Execution_Preflight.ino.bootloader.bin...
-- verify OK (digest matched)
Verifying 0xc00 (3072) bytes @ 0x00008000 in flash against .arduino-build-execution-preflight-r1\NexArm_Execution_Preflight.ino.partitions.bin...
-- verify OK (digest matched)
Verifying 0x2000 (8192) bytes @ 0x0000e000 in flash against .toolchains\esp32-core-clean-20260919\esp32-2.0.17\tools\partitions\boot_app0.bin...
-- verify OK (digest matched)
Verifying 0x497e0 (301024) bytes @ 0x00010000 in flash against .arduino-build-execution-preflight-r1\NexArm_Execution_Preflight.ino.bin...
-- verify OK (digest matched)
Hard resetting via RTS pin...
