esptool.py v4.5.1
Serial port COM9
Connecting.....
Chip is ESP32-D0WD (revision v1.1)
Features: WiFi, BT, Dual Core, 240MHz, VRef calibration in efuse, Coding Scheme None
Crystal is 40MHz
MAC: 68:09:47:7b:9f:64
Uploading stub...
Running stub...
Stub running...
Changing baud rate to 230400
Changed.
Configuring flash size...
Flash will be erased from 0x00010000 to 0x0005afff...
Compressed 303472 bytes to 173241...
Writing at 0x00010000... (9 %)
Writing at 0x0001b041... (18 %)
Writing at 0x00023ea4... (27 %)
Writing at 0x0002949f... (36 %)
Writing at 0x0002e830... (45 %)
Writing at 0x00033d56... (54 %)
Writing at 0x0003939e... (63 %)
Writing at 0x0004195a... (72 %)
Writing at 0x0004c178... (81 %)
Writing at 0x00051672... (90 %)
Writing at 0x00056c47... (100 %)
Wrote 303472 bytes (173241 compressed) at 0x00010000 in 7.7 seconds (effective 314.4 kbit/s)...
Hash of data verified.

Leaving...
Verifying just-written flash...
(This option is deprecated, flash contents are now always read back after flashing.)
Verifying 0x4a170 (303472) bytes @ 0x00010000 in flash against .arduino-build-id6-torque-probe-r3\NexArm_ID6_Torque_Probe.ino.bin...
-- verify OK (digest matched)
Hard resetting via RTS pin...
