{"type":"status11","ms":753035,"pulses":[1995,1966,1867,1910,2052,1601]}
{"type":"status11","ms":753234,"pulses":[1995,1966,1867,1910,2052,1600]}
{"type":"status11","ms":753356,"pulses":[1995,1966,1867,1910,2052,1600]}
{"type":"status11","ms":753434,"pulses":[1995,1966,1867,1910,2052,1600]}
{"type":"status11","ms":753634,"pulses":[1995,1966,1867,1910,2052,1600]}
{"type":"status11","ms":753834,"pulses":[1995,1966,1867,1910,2052,1600]}
{"type":"actual65","ms":753856,"pulses":[1995,1966,1867,1910,2052,1600]}
{"type":"status11","ms":754034,"pulses":[1995,1966,1867,1910,2052,1600]}
{"type":"status11","ms":754234,"pulses":[1995,1966,1867,1910,2052,1600]}
{"type":"status11","ms":754356,"pulses":[1995,1966,1867,1910,2052,1600]}
{"type":"status11","ms":754434,"pulses":[1995,1966,1867,1910,2052,1601]}
{"type":"status11","ms":754634,"pulses":[1995,1966,1867,1910,2051,1600]}
{"type":"status11","ms":754834,"pulses":[1995,1966,1867,1910,2052,1600]}
{"type":"actual65","ms":754856,"pulses":[1995,1966,1867,1910,2052,1600]}
[ReadOnly] actual_frames=755 status_frames=4521; alarm code unavailable
{"type":"status11","ms":755034,"pulses":[1995,1966,1867,1910,2052,1600]}
{"type":"status11","ms":755234,"pulses":[1995,1966,1867,1910,2051,1601]}
{"type":"status11","ms":755356,"pulses":[1995,1966,1867,1910,2051,1601]}
{"type":"status11","ms":755434,"pulses":[1995,1966,1867,1910,2052,1600]}
{"type":"status11","ms":755634,"pulses":[1995,1966,1867,1910,2052,1601]}
{"type":"status11","ms":755833,"pulses":[1995,1966,1867,1910,2052,1600]}
{"type":"actual65","ms":755856,"pulses":[1995,1966,1867,1910,2052,1600]}
{"type":"status11","ms":756033,"pulses":[1995,1966,1867,1910,2052,1600]}
{"type":"status11","ms":756233,"pulses":[1995,1966,1867,1910,2052,1600]}
{"type":"status11","ms":756356,"pulses":[1995,1966,1867,1910,2052,1600]}
{"type":"status11","ms":756433,"pulses":[1995,1966,1867,1910,2051,1600]}
{"type":"status11","ms":756633,"pulses":[1995,1966,1867,1910,2052,1600]}
{"type":"status11","ms":756833,"pulses":[1995,1966,1867,1910,2052,1600]}
{"type":"actual65","ms":756856,"pulses":[1995,1966,1867,1910,2052,1600]}
{"type":"status11","ms":757033,"pulses":[1995,1966,1867,1910,2051,1601]}
{"type":"status11","ms":757233,"pulses":[1995,1966,1867,1910,2051,1600]}
{"type":"status11","ms":757356,"pulses":[1995,1966,1867,1910,2051,1600]}
{"type":"status11","ms":757433,"pulses":[1995,1966,1867,1910,2052,1601]}
{"type":"status11","ms":757633,"pulses":[1995,1966,1867,1910,2051,1600]}
{"type":"status11","ms":757833,"pulses":[1995,1966,1867,1910,2052,1600]}
{"type":"actual65","ms":757856,"pulses":[1995,1966,1867,1910,2052,1600]}
{"type":"status11","ms":758033,"pulses":[1995,1966,1867,1910,2052,1600]}
{"type":"status11","ms":758233,"pulses":[1995,1966,1867,1910,2052,1600]}
{"type":"status11","ms":758356,"pulses":[1995,1966,1867,1910,2052,1600]}
{"type":"status11","ms":758433,"pulses":[1995,1966,1867,1910,2051,1600]}
{"type":"status11","ms":758632,"pulses":[1995,1966,1867,1910,2052,1600]}
{"type":"status11","ms":758832,"pulses":[1995,1966,1867,1910,2051,1601]}
{"type":"actual65","ms":758856,"pulses":[1995,1966,1867,1910,2051,1601]}
{"type":"status11","ms":759032,"pulses":[1995,1966,1867,1910,2052,1600]}
{"type":"status11","ms":759232,"pulses":[1995,1966,1867,1910,2052,1600]}
{"type":"status11","ms":759356,"pulses":[1995,1966,1867,1910,2052,1600]}
{"type":"status11","ms":759432,"pulses":[1995,1966,1867,1910,2052,1601]}
{"type":"status11","ms":759632,"pulses":[1995,1966,1867,1910,2051,1600]}
{"type":"status11","ms":759832,"pulses":[1995,1966,1867,1910,2052,1600]}
{"type":"actual65","ms":759856,"pulses":[1995,1966,1867,1910,2052,1600]}
[ReadOnly] actual_frames=760 status_frames=4551; alarm code unavailable
{"type":"status11","ms":760032,"pulses":[1995,1966,1867,1910,2051,1600]}
{"type":"status11","ms":760232,"pulses":[1995,1966,1867,1910,2052,1600]}
{"type":"status11","ms":760356,"pulses":[1995,1966,1867,1910,2052,1600]}
{"type":"status11","ms":760432,"pulses":[1995,1966,1867,1910,2052,1600]}
{"type":"status11","ms":760632,"pulses":[1995,1966,1867,1910,2051,1600]}
{"type":"status11","ms":760832,"pulses":[1995,1966,1867,1910,2052,1600]}
{"type":"actual65","ms":760856,"pulses":[1995,1966,1867,1910,2052,1600]}
{"type":"status11","ms":761032,"pulses":[1995,1966,1867,1910,2051,1600]}
{"type":"status11","ms":761232,"pulses":[1995,1966,1867,1910,2052,1600]}
{"type":"status11","ms":761356,"pulses":[1995,1966,1867,1910,2052,1600]}
{"type":"status11","ms":761432,"pulses":[1995,1966,1867,1910,2052,1600]}
{"type":"status11","ms":761632,"pulses":[1995,1966,1867,1910,2051,1601]}
{"type":"status11","ms":761832,"pulses":[1995,1966,1867,1910,2052,1600]}
{"type":"actual65","ms":761856,"pulses":[1995,1966,1867,1910,2052,1600]}
{"type":"status11","ms":762031,"pulses":[1995,1966,1867,1910,2051,1600]}
{"type":"status11","ms":762231,"pulses":[1995,1966,1867,1910,2052,1600]}
{"type":"status11","ms":762356,"pulses":[1995,1966,1867,1910,2052,1600]}
{"type":"status11","ms":762431,"pulses":[1995,1966,1867,1910,2051,1600]}
{"type":"status11","ms":762631,"pulses":[1995,1966,1867,1910,2051,1600]}
{"type":"status11","ms":762831,"pulses":[1995,1966,1867,1910,2052,1600]}
{"type":"actual65","ms":762856,"pulses":[1995,1966,1867,1910,2052,1600]}
