{"type":"actual65","ms":1460278,"pulses":[1967,2310,1734,2444,2067,1397]}
{"type":"actual65","ms":1460528,"pulses":[1967,2310,1734,2444,2067,1398]}
{"type":"actual65","ms":1460778,"pulses":[1967,2310,1734,2444,2066,1397]}
{"type":"actual65","ms":1461028,"pulses":[1967,2310,1734,2444,2066,1397]}
{"type":"actual65","ms":1461278,"pulses":[1967,2310,1734,2444,2066,1398]}
{"type":"actual65","ms":1461528,"pulses":[1967,2310,1734,2444,2066,1397]}
{"type":"actual65","ms":1461778,"pulses":[1967,2310,1734,2444,2066,1397]}
{"type":"actual65","ms":1462028,"pulses":[1967,2310,1734,2444,2066,1398]}
{"type":"actual65","ms":1462278,"pulses":[1967,2310,1734,2444,2067,1397]}
{"type":"actual65","ms":1462528,"pulses":[1967,2310,1734,2444,2067,1397]}
{"type":"actual65","ms":1462778,"pulses":[1967,2310,1734,2444,2067,1397]}
{"type":"actual65","ms":1463028,"pulses":[1967,2310,1734,2444,2066,1398]}
{"type":"actual65","ms":1463278,"pulses":[1967,2310,1734,2444,2066,1397]}
{"type":"actual65","ms":1463528,"pulses":[1967,2310,1734,2444,2067,1397]}
{"type":"actual65","ms":1463778,"pulses":[1967,2310,1734,2444,2066,1397]}
{"type":"actual65","ms":1464028,"pulses":[1967,2310,1734,2444,2067,1398]}
{"type":"actual65","ms":1464278,"pulses":[1967,2310,1734,2444,2067,1397]}
{"type":"actual65","ms":1464528,"pulses":[1967,2310,1734,2444,2066,1398]}
{"type":"actual65","ms":1464778,"pulses":[1967,2310,1734,2444,2067,1397]}
{"type":"teach_record","firmware":"nexarm-teach-record-r6","namespace":"handle_free","valid_mask":0,"storage_fault":false,"record_hex":"31444e4801000000000000000000000000000000000000000000000000000000000000000000000000000000000000000000000000000000000000000000000000000000000000000000000000000000000000000000000000000000000000000000000000000000347ce298","playback_enabled":false}
{"type":"actual65","ms":1465028,"pulses":[1967,2310,1734,2444,2067,1397]}
{"type":"actual65","ms":1465278,"pulses":[1967,2310,1734,2444,2067,1398]}
{"type":"actual65","ms":1465528,"pulses":[1967,2310,1734,2444,2066,1397]}
{"type":"actual65","ms":1465778,"pulses":[1967,2310,1734,2444,2067,1397]}
{"type":"actual65","ms":1466028,"pulses":[1967,2310,1734,2444,2067,1398]}
{"type":"actual65","ms":1466278,"pulses":[1967,2310,1734,2444,2067,1397]}
{"type":"actual65","ms":1466528,"pulses":[1967,2310,1734,2444,2066,1397]}
{"type":"actual65","ms":1466778,"pulses":[1967,2310,1734,2444,2066,1397]}
{"type":"actual65","ms":1467028,"pulses":[1967,2310,1734,2444,2067,1397]}
{"type":"actual65","ms":1467278,"pulses":[1967,2310,1734,2444,2067,1398]}
{"type":"actual65","ms":1467528,"pulses":[1967,2310,1734,2444,2066,1397]}
{"type":"actual65","ms":1467778,"pulses":[1967,2310,1734,2444,2067,1398]}
{"type":"actual65","ms":1468028,"pulses":[1967,2310,1734,2444,2066,1398]}
{"type":"actual65","ms":1468278,"pulses":[1967,2310,1734,2444,2066,1398]}
{"type":"actual65","ms":1468528,"pulses":[1967,2310,1734,2444,2067,1398]}
{"type":"actual65","ms":1468778,"pulses":[1967,2310,1734,2444,2066,1397]}
{"type":"actual65","ms":1469028,"pulses":[1967,2310,1734,2444,2066,1397]}
{"type":"actual65","ms":1469278,"pulses":[1967,2310,1734,2444,2066,1398]}
{"type":"actual65","ms":1469528,"pulses":[1967,2310,1734,2444,2066,1397]}
{"type":"actual65","ms":1469778,"pulses":[1967,2310,1734,2444,2066,1397]}
{"type":"teach_record","firmware":"nexarm-teach-record-r6","namespace":"handle_free","valid_mask":0,"storage_fault":false,"record_hex":"31444e4801000000000000000000000000000000000000000000000000000000000000000000000000000000000000000000000000000000000000000000000000000000000000000000000000000000000000000000000000000000000000000000000000000000347ce298","playback_enabled":false}
{"type":"actual65","ms":1470028,"pulses":[1967,2310,1734,2444,2066,1397]}
