{"type":"status11","ms":1014752,"pulses":[2030,2033,1867,1911,2051,1600]}
{"type":"actual65","ms":1014857,"pulses":[2030,2033,1867,1911,2051,1600]}
{"type":"status11","ms":1014952,"pulses":[2030,2033,1867,1911,2051,1600]}
[ReadOnly] actual_frames=1015 status_frames=6082; alarm code unavailable
{"type":"status11","ms":1015152,"pulses":[2030,2033,1867,1911,2052,1600]}
{"type":"status11","ms":1015352,"pulses":[2030,2033,1867,1911,2051,1600]}
{"type":"status11","ms":1015357,"pulses":[2030,2033,1867,1911,2051,1600]}
{"type":"status11","ms":1015552,"pulses":[2030,2033,1867,1911,2052,1600]}
{"type":"status11","ms":1015752,"pulses":[2030,2033,1867,1911,2052,1600]}
{"type":"actual65","ms":1015857,"pulses":[2030,2033,1867,1911,2052,1600]}
{"type":"status11","ms":1015952,"pulses":[2030,2033,1867,1911,2052,1600]}
{"type":"status11","ms":1016152,"pulses":[2030,2033,1867,1911,2051,1601]}
{"type":"status11","ms":1016352,"pulses":[2030,2033,1867,1911,2052,1600]}
{"type":"status11","ms":1016357,"pulses":[2030,2033,1867,1911,2052,1600]}
{"type":"status11","ms":1016552,"pulses":[2030,2033,1867,1911,2052,1600]}
{"type":"status11","ms":1016752,"pulses":[2030,2033,1867,1911,2052,1600]}
{"type":"actual65","ms":1016857,"pulses":[2030,2033,1867,1911,2052,1600]}
{"type":"status11","ms":1016952,"pulses":[2030,2033,1867,1911,2052,1600]}
{"type":"status11","ms":1017152,"pulses":[2030,2033,1867,1911,2052,1600]}
{"type":"status11","ms":1017352,"pulses":[2030,2033,1867,1911,2052,1600]}
{"type":"status11","ms":1017357,"pulses":[2030,2033,1867,1911,2052,1600]}
{"type":"status11","ms":1017552,"pulses":[2030,2033,1867,1911,2053,1600]}
{"type":"status11","ms":1017752,"pulses":[2030,2033,1867,1911,2051,1600]}
{"type":"actual65","ms":1017857,"pulses":[2030,2033,1867,1911,2051,1600]}
{"type":"status11","ms":1017951,"pulses":[2030,2033,1867,1911,2052,1600]}
{"type":"status11","ms":1018151,"pulses":[2030,2033,1867,1911,2052,1601]}
{"type":"status11","ms":1018351,"pulses":[2030,2033,1867,1911,2052,1600]}
{"type":"status11","ms":1018357,"pulses":[2030,2033,1867,1911,2052,1600]}
{"type":"status11","ms":1018551,"pulses":[2030,2033,1867,1911,2052,1600]}
{"type":"status11","ms":1018751,"pulses":[2030,2033,1867,1911,2052,1600]}
{"type":"actual65","ms":1018857,"pulses":[2030,2033,1867,1911,2052,1600]}
{"type":"status11","ms":1018951,"pulses":[2030,2033,1867,1911,2052,1601]}
{"type":"status11","ms":1019151,"pulses":[2030,2033,1867,1911,2051,1600]}
{"type":"status11","ms":1019351,"pulses":[2030,2033,1867,1911,2052,1600]}
{"type":"status11","ms":1019357,"pulses":[2030,2033,1867,1911,2052,1600]}
{"type":"status11","ms":1019551,"pulses":[2030,2033,1867,1911,2052,1600]}
{"type":"status11","ms":1019751,"pulses":[2030,2033,1867,1911,2052,1600]}
{"type":"actual65","ms":1019857,"pulses":[2030,2033,1867,1911,2052,1600]}
{"type":"status11","ms":1019951,"pulses":[2030,2033,1867,1911,2051,1600]}
[ReadOnly] actual_frames=1020 status_frames=6112; alarm code unavailable
{"type":"status11","ms":1020151,"pulses":[2030,2033,1867,1911,2052,1600]}
{"type":"status11","ms":1020351,"pulses":[2030,2033,1867,1911,2053,1600]}
{"type":"status11","ms":1020357,"pulses":[2030,2033,1867,1911,2053,1600]}
{"type":"status11","ms":1020551,"pulses":[2030,2033,1867,1911,2051,1600]}
{"type":"status11","ms":1020751,"pulses":[2030,2033,1867,1911,2052,1600]}
{"type":"actual65","ms":1020857,"pulses":[2030,2033,1867,1911,2052,1600]}
{"type":"status11","ms":1020951,"pulses":[2030,2033,1867,1911,2051,1600]}
{"type":"status11","ms":1021150,"pulses":[2030,2033,1867,1911,2053,1601]}
{"type":"status11","ms":1021350,"pulses":[2030,2033,1867,1911,2052,1600]}
{"type":"status11","ms":1021357,"pulses":[2030,2033,1867,1911,2052,1600]}
{"type":"status11","ms":1021550,"pulses":[2030,2033,1867,1911,2052,1600]}
{"type":"status11","ms":1021750,"pulses":[2030,2033,1867,1911,2052,1601]}
{"type":"actual65","ms":1021857,"pulses":[2030,2033,1867,1911,2052,1601]}
{"type":"status11","ms":1021950,"pulses":[2030,2033,1867,1911,2052,1601]}
{"type":"status11","ms":1022150,"pulses":[2030,2033,1867,1911,2052,1600]}
{"type":"status11","ms":1022350,"pulses":[2030,2033,1867,1911,2052,1601]}
{"type":"status11","ms":1022357,"pulses":[2030,2033,1867,1911,2052,1601]}
{"type":"status11","ms":1022550,"pulses":[2030,2033,1867,1911,2052,1600]}
{"type":"status11","ms":1022750,"pulses":[2030,2033,1867,1911,2052,1600]}
{"type":"actual65","ms":1022857,"pulses":[2030,2033,1867,1911,2052,1600]}
{"type":"status11","ms":1022950,"pulses":[2030,2033,1867,1911,2051,1601]}
{"type":"status11","ms":1023150,"pulses":[2030,2033,1867,1911,2052,1600]}
{"type":"status11","ms":1023350,"pulses":[2030,2033,1867,1911,2052,1601]}
{"type":"status11","ms":1023357,"pulses":[2030,2033,1867,1911,2052,1601]}
{"type":"status11","ms":1023550,"pulses":[2030,2033,1867,1911,2052,1600]}
{"type":"status11","ms":1023750,"pulses":[2030,2033,1867,1911,2052,1600]}
{"type":"actual65","ms":1023857,"pulses":[2030,2033,1867,1911,2052,1600]}
{"type":"status11","ms":1023950,"pulses":[2030,2033,1867,1911,2052,1600]}
{"type":"status11","ms":1024149,"pulses":[2030,2033,1867,1911,2052,1601]}
{"type":"status11","ms":1024349,"pulses":[2030,2033,1867,1911,2052,1601]}
{"type":"status11","ms":1024357,"pulses":[2030,2033,1867,1911,2052,1601]}
{"type":"status11","ms":1024549,"pulses":[2030,2033,1867,1911,2053,1601]}
