esptool.py v4.5.1
Serial port COM9
Connecting....
Chip is ESP32-D0WD (revision v1.1)
Features: WiFi, BT, Dual Core, 240MHz, VRef calibration in efuse, Coding Scheme None
Crystal is 40MHz
MAC: 68:09:47:7b:9f:64
Uploading stub...
Running stub...
Stub running...
Changing baud rate to 230400
Changed.
Configuring flash size...
Flash will be erased from 0x00010000 to 0x0005afff...
Compressed 304240 bytes to 173291...
Writing at 0x00010000... (9 %)
Writing at 0x0001ad70... (18 %)
Writing at 0x00023dd6... (27 %)
Writing at 0x000294ca... (36 %)
Writing at 0x0002e7f6... (45 %)
Writing at 0x00033e05... (54 %)
Writing at 0x000394dd... (63 %)
Writing at 0x00041a15... (72 %)
Writing at 0x0004c441... (81 %)
Writing at 0x00051932... (90 %)
Writing at 0x00056f0d... (100 %)
Wrote 304240 bytes (173291 compressed) at 0x00010000 in 7.7 seconds (effective 314.8 kbit/s)...
Hash of data verified.

Leaving...
Verifying just-written flash...
(This option is deprecated, flash contents are now always read back after flashing.)
Verifying 0x4a470 (304240) bytes @ 0x00010000 in flash against .arduino-build-read-diagnostic-r2\NexArm_Read_Diagnostic.ino.bin...
-- verify OK (digest matched)
Hard resetting via RTS pin...
