{"type":"status11","ms":602615,"pulses":[2026,2135,1799,1947,2053,1601]}
{"type":"status11","ms":602815,"pulses":[2026,2135,1799,1947,2053,1601]}
{"type":"actual65","ms":602856,"pulses":[2026,2135,1799,1947,2053,1601]}
{"type":"status11","ms":603015,"pulses":[2026,2135,1799,1947,2053,1601]}
{"type":"status11","ms":603215,"pulses":[2026,2135,1799,1947,2053,1601]}
{"type":"status11","ms":603356,"pulses":[2026,2135,1799,1947,2053,1601]}
{"type":"status11","ms":603415,"pulses":[2026,2135,1799,1947,2053,1601]}
{"type":"status11","ms":603615,"pulses":[2026,2135,1799,1947,2052,1601]}
{"type":"status11","ms":603815,"pulses":[2026,2135,1799,1947,2053,1601]}
{"type":"actual65","ms":603856,"pulses":[2026,2135,1799,1947,2053,1601]}
{"type":"status11","ms":604015,"pulses":[2026,2135,1799,1947,2053,1601]}
{"type":"status11","ms":604214,"pulses":[2026,2135,1799,1947,2053,1601]}
{"type":"status11","ms":604356,"pulses":[2026,2135,1799,1947,2053,1601]}
{"type":"status11","ms":604414,"pulses":[2026,2135,1799,1947,2053,1602]}
{"type":"status11","ms":604614,"pulses":[2026,2135,1799,1947,2052,1601]}
{"type":"status11","ms":604814,"pulses":[2026,2135,1799,1947,2053,1601]}
{"type":"actual65","ms":604856,"pulses":[2026,2135,1799,1947,2053,1601]}
[ReadOnly] actual_frames=605 status_frames=3621; alarm code unavailable
{"type":"status11","ms":605014,"pulses":[2026,2135,1799,1947,2053,1601]}
{"type":"status11","ms":605214,"pulses":[2026,2135,1799,1947,2053,1601]}
{"type":"status11","ms":605356,"pulses":[2026,2135,1799,1947,2053,1601]}
{"type":"status11","ms":605414,"pulses":[2026,2135,1799,1947,2053,1601]}
{"type":"status11","ms":605614,"pulses":[2026,2135,1799,1947,2052,1601]}
{"type":"status11","ms":605814,"pulses":[2026,2135,1799,1947,2053,1601]}
{"type":"actual65","ms":605856,"pulses":[2026,2135,1799,1947,2053,1601]}
{"type":"status11","ms":606014,"pulses":[2026,2135,1799,1947,2053,1601]}
{"type":"status11","ms":606214,"pulses":[2026,2135,1799,1947,2053,1601]}
{"type":"status11","ms":606356,"pulses":[2026,2135,1799,1947,2053,1601]}
{"type":"status11","ms":606413,"pulses":[2026,2135,1799,1947,2053,1602]}
{"type":"status11","ms":606613,"pulses":[2026,2135,1799,1947,2053,1601]}
{"type":"status11","ms":606813,"pulses":[2026,2135,1799,1947,2052,1602]}
{"type":"actual65","ms":606856,"pulses":[2026,2135,1799,1947,2052,1602]}
{"type":"status11","ms":607013,"pulses":[2026,2135,1799,1947,2052,1601]}
{"type":"status11","ms":607213,"pulses":[2026,2135,1799,1947,2052,1601]}
{"type":"status11","ms":607356,"pulses":[2026,2135,1799,1947,2052,1601]}
{"type":"status11","ms":607413,"pulses":[2026,2135,1799,1947,2053,1601]}
{"type":"status11","ms":607613,"pulses":[2026,2135,1799,1947,2053,1601]}
{"type":"status11","ms":607813,"pulses":[2026,2135,1799,1947,2053,1602]}
{"type":"actual65","ms":607856,"pulses":[2026,2135,1799,1947,2053,1602]}
{"type":"status11","ms":608013,"pulses":[2026,2135,1799,1947,2053,1601]}
{"type":"status11","ms":608213,"pulses":[2026,2135,1799,1947,2052,1601]}
{"type":"status11","ms":608356,"pulses":[2026,2135,1799,1947,2052,1601]}
{"type":"status11","ms":608413,"pulses":[2026,2135,1799,1947,2052,1601]}
{"type":"status11","ms":608612,"pulses":[2026,2135,1799,1947,2053,1602]}
{"type":"status11","ms":608812,"pulses":[2026,2135,1799,1947,2052,1601]}
{"type":"actual65","ms":608856,"pulses":[2026,2135,1799,1947,2052,1601]}
{"type":"status11","ms":609012,"pulses":[2026,2135,1799,1947,2053,1601]}
{"type":"status11","ms":609212,"pulses":[2026,2135,1799,1947,2053,1601]}
{"type":"status11","ms":609356,"pulses":[2026,2135,1799,1947,2053,1601]}
{"type":"status11","ms":609412,"pulses":[2026,2135,1799,1947,2053,1601]}
{"type":"status11","ms":609612,"pulses":[2026,2135,1799,1947,2053,1602]}
{"type":"status11","ms":609812,"pulses":[2026,2135,1799,1947,2053,1601]}
{"type":"actual65","ms":609856,"pulses":[2026,2135,1799,1947,2053,1601]}
[ReadOnly] actual_frames=610 status_frames=3651; alarm code unavailable
{"type":"status11","ms":610012,"pulses":[2026,2135,1799,1947,2053,1601]}
{"type":"status11","ms":610212,"pulses":[2026,2135,1799,1947,2052,1601]}
{"type":"status11","ms":610356,"pulses":[2026,2135,1799,1947,2052,1601]}
{"type":"status11","ms":610412,"pulses":[2026,2135,1799,1947,2052,1602]}
{"type":"status11","ms":610612,"pulses":[2026,2135,1799,1947,2052,1601]}
{"type":"status11","ms":610812,"pulses":[2026,2135,1799,1947,2053,1601]}
{"type":"actual65","ms":610856,"pulses":[2026,2135,1799,1947,2053,1601]}
{"type":"status11","ms":611011,"pulses":[2026,2135,1799,1947,2053,1601]}
{"type":"status11","ms":611211,"pulses":[2026,2135,1799,1947,2053,1601]}
{"type":"status11","ms":611356,"pulses":[2026,2135,1799,1947,2053,1601]}
{"type":"status11","ms":611411,"pulses":[2026,2135,1799,1947,2052,1601]}
{"type":"status11","ms":611611,"pulses":[2026,2135,1799,1947,2053,1601]}
{"type":"status11","ms":611811,"pulses":[2026,2135,1799,1947,2052,1601]}
{"type":"actual65","ms":611856,"pulses":[2026,2135,1799,1947,2052,1601]}
{"type":"status11","ms":612011,"pulses":[2026,2135,1799,1947,2052,1601]}
{"type":"status11","ms":612211,"pulses":[2026,2135,1799,1947,2053,1601]}
{"type":"status11","ms":612356,"pulses":[2026,2135,1799,1947,2053,1601]}
{"type":"status11","ms":612411,"pulses":[2026,2135,1799,1947,2053,1601]}
