{"type":"status11","ms":475069,"pulses":[2025,2094,1871,2751,2070,1140]}
{"type":"status11","ms":475269,"pulses":[2025,2094,1871,2751,2070,1141]}
{"type":"status11","ms":475355,"pulses":[2025,2094,1871,2751,2070,1141]}
{"type":"status11","ms":475469,"pulses":[2025,2094,1871,2751,2070,1140]}
{"type":"status11","ms":475669,"pulses":[2025,2094,1871,2751,2070,1140]}
{"type":"actual65","ms":475855,"pulses":[2025,2094,1871,2751,2070,1140]}
{"type":"status11","ms":475869,"pulses":[2025,2094,1871,2751,2070,1141]}
{"type":"status11","ms":476069,"pulses":[2025,2094,1871,2751,2070,1140]}
{"type":"status11","ms":476268,"pulses":[2025,2094,1871,2751,2070,1141]}
{"type":"status11","ms":476355,"pulses":[2025,2094,1871,2751,2070,1141]}
{"type":"status11","ms":476468,"pulses":[2025,2094,1871,2751,2070,1141]}
{"type":"status11","ms":476668,"pulses":[2025,2094,1871,2751,2070,1141]}
{"type":"actual65","ms":476855,"pulses":[2025,2094,1871,2751,2070,1141]}
{"type":"status11","ms":476868,"pulses":[2025,2094,1871,2751,2070,1141]}
{"type":"status11","ms":477068,"pulses":[2025,2094,1871,2751,2070,1141]}
{"type":"status11","ms":477268,"pulses":[2025,2094,1871,2751,2070,1141]}
{"type":"status11","ms":477355,"pulses":[2025,2094,1871,2751,2070,1141]}
{"type":"status11","ms":477468,"pulses":[2025,2094,1871,2751,2070,1140]}
{"type":"status11","ms":477668,"pulses":[2025,2094,1871,2751,2070,1141]}
{"type":"actual65","ms":477855,"pulses":[2025,2094,1871,2751,2070,1141]}
{"type":"status11","ms":477868,"pulses":[2025,2094,1871,2751,2070,1140]}
{"type":"status11","ms":478068,"pulses":[2025,2094,1871,2751,2070,1141]}
{"type":"status11","ms":478268,"pulses":[2025,2094,1871,2751,2070,1140]}
{"type":"status11","ms":478355,"pulses":[2025,2094,1871,2751,2070,1140]}
{"type":"status11","ms":478467,"pulses":[2025,2094,1871,2751,2070,1141]}
{"type":"status11","ms":478667,"pulses":[2025,2094,1871,2751,2070,1141]}
{"type":"actual65","ms":478855,"pulses":[2025,2094,1871,2751,2070,1141]}
{"type":"status11","ms":478867,"pulses":[2025,2094,1871,2751,2070,1140]}
{"type":"status11","ms":479067,"pulses":[2025,2094,1871,2751,2070,1140]}
{"type":"status11","ms":479267,"pulses":[2025,2094,1871,2751,2070,1140]}
{"type":"status11","ms":479355,"pulses":[2025,2094,1871,2751,2070,1140]}
{"type":"status11","ms":479467,"pulses":[2025,2094,1871,2751,2070,1141]}
{"type":"status11","ms":479667,"pulses":[2025,2094,1871,2751,2070,1141]}
{"type":"actual65","ms":479855,"pulses":[2025,2094,1871,2751,2070,1141]}
{"type":"status11","ms":479867,"pulses":[2025,2094,1871,2751,2070,1140]}
[ReadOnly] actual_frames=480 status_frames=2871; alarm code unavailable
{"type":"status11","ms":480067,"pulses":[2025,2094,1871,2751,2070,1140]}
{"type":"status11","ms":480267,"pulses":[2025,2094,1871,2751,2070,1141]}
{"type":"status11","ms":480355,"pulses":[2025,2094,1871,2751,2070,1141]}
{"type":"status11","ms":480467,"pulses":[2025,2094,1871,2751,2070,1140]}
{"type":"status11","ms":480666,"pulses":[2025,2094,1871,2751,2070,1140]}
{"type":"actual65","ms":480855,"pulses":[2025,2094,1871,2751,2070,1140]}
{"type":"status11","ms":480866,"pulses":[2025,2094,1871,2751,2070,1141]}
{"type":"status11","ms":481066,"pulses":[2025,2094,1871,2751,2070,1140]}
{"type":"status11","ms":481266,"pulses":[2025,2094,1871,2751,2070,1140]}
{"type":"status11","ms":481355,"pulses":[2025,2094,1871,2751,2070,1140]}
{"type":"status11","ms":481466,"pulses":[2025,2094,1871,2751,2070,1141]}
{"type":"status11","ms":481666,"pulses":[2025,2094,1871,2751,2070,1141]}
{"type":"actual65","ms":481855,"pulses":[2025,2094,1871,2751,2070,1141]}
{"type":"status11","ms":481866,"pulses":[2025,2094,1871,2751,2070,1141]}
{"type":"status11","ms":482066,"pulses":[2025,2094,1871,2751,2070,1141]}
{"type":"status11","ms":482266,"pulses":[2025,2094,1871,2751,2070,1141]}
{"type":"status11","ms":482355,"pulses":[2025,2094,1871,2751,2070,1141]}
{"type":"status11","ms":482466,"pulses":[2025,2094,1871,2751,2070,1140]}
{"type":"status11","ms":482666,"pulses":[2025,2094,1871,2751,2070,1141]}
{"type":"actual65","ms":482855,"pulses":[2025,2094,1871,2751,2070,1141]}
{"type":"status11","ms":482865,"pulses":[2025,2094,1871,2751,2070,1140]}
{"type":"status11","ms":483065,"pulses":[2025,2094,1871,2751,2070,1141]}
{"type":"status11","ms":483265,"pulses":[2025,2094,1871,2751,2071,1141]}
{"type":"status11","ms":483355,"pulses":[2025,2094,1871,2751,2071,1141]}
{"type":"status11","ms":483465,"pulses":[2025,2094,1871,2751,2070,1140]}
{"type":"status11","ms":483665,"pulses":[2025,2094,1871,2751,2070,1141]}
{"type":"actual65","ms":483855,"pulses":[2025,2094,1871,2751,2070,1141]}
{"type":"status11","ms":483865,"pulses":[2025,2094,1871,2751,2070,1140]}
{"type":"status11","ms":484065,"pulses":[2025,2094,1871,2751,2070,1141]}
{"type":"status11","ms":484265,"pulses":[2025,2094,1871,2751,2070,1141]}
{"type":"status11","ms":484355,"pulses":[2025,2094,1871,2751,2070,1141]}
{"type":"status11","ms":484465,"pulses":[2025,2094,1871,2751,2070,1140]}
{"type":"status11","ms":484665,"pulses":[2025,2094,1871,2751,2070,1141]}
{"type":"actual65","ms":484855,"pulses":[2025,2094,1871,2751,2070,1141]}
{"type":"status11","ms":484865,"pulses":[2025,2094,1871,2751,2070,1140]}
[ReadOnly] actual_frames=485 status_frames=2901; alarm code unavailable
{