esptool.py v4.5.1
Serial port COM9
Connecting....
Chip is ESP32-D0WD (revision v1.1)
Features: WiFi, BT, Dual Core, 240MHz, VRef calibration in efuse, Coding Scheme None
Crystal is 40MHz
MAC: 68:09:47:7b:9f:64
Uploading stub...
Running stub...
Stub running...
Changing baud rate to 230400
Changed.
Configuring flash size...
Flash will be erased from 0x00010000 to 0x0005afff...
Compressed 304240 bytes to 173619...
Writing at 0x00010000... (9 %)
Writing at 0x0001aee1... (18 %)
Writing at 0x00023d30... (27 %)
Writing at 0x000292fe... (36 %)
Writing at 0x0002e6d9... (45 %)
Writing at 0x00033c15... (54 %)
Writing at 0x00039272... (63 %)
Writing at 0x00041827... (72 %)
Writing at 0x0004c278... (81 %)
Writing at 0x000517ac... (90 %)
Writing at 0x00056d93... (100 %)
Wrote 304240 bytes (173619 compressed) at 0x00010000 in 7.7 seconds (effective 314.3 kbit/s)...
Hash of data verified.

Leaving...
Verifying just-written flash...
(This option is deprecated, flash contents are now always read back after flashing.)
Verifying 0x4a470 (304240) bytes @ 0x00010000 in flash against .arduino-build-single-joint-probe-r1b\NexArm_Single_Joint_Probe.ino.bin...
-- verify OK (digest matched)
Hard resetting via RTS pin...
