{"type":"actual65","ms":52636,"pulses":[2065,2075,1753,1916,2073,1420]}
{"type":"single_probe_state","phase":0,"spent":false,"key_mask":0}
{"type":"actual65","ms":52786,"pulses":[2065,2075,1753,1916,2073,1420]}
{"type":"actual65","ms":52911,"pulses":[2065,2075,1753,1916,2073,1420]}
{"type":"actual65","ms":53036,"pulses":[2065,2075,1753,1916,2074,1420]}
{"type":"actual65","ms":53186,"pulses":[2065,2075,1753,1916,2074,1420]}
{"type":"actual65","ms":53311,"pulses":[2065,2075,1753,1916,2073,1420]}
{"type":"actual65","ms":53436,"pulses":[2065,2075,1753,1916,2073,1420]}
{"type":"actual65","ms":53586,"pulses":[2065,2075,1753,1916,2073,1420]}
{"type":"actual65","ms":53711,"pulses":[2065,2075,1753,1916,2073,1420]}
{"type":"single_probe_state","phase":0,"spent":false,"key_mask":0}
{"type":"actual65","ms":53836,"pulses":[2065,2075,1753,1916,2073,1420]}
{"type":"actual65","ms":53986,"pulses":[2065,2075,1753,1916,2073,1420]}
{"type":"actual65","ms":54111,"pulses":[2065,2075,1753,1916,2073,1420]}
{"type":"actual65","ms":54236,"pulses":[2065,2075,1753,1916,2073,1420]}
{"type":"actual65","ms":54386,"pulses":[2065,2075,1753,1916,2073,1420]}
{"type":"actual65","ms":54511,"pulses":[2065,2075,1753,1916,2073,1420]}
{"type":"actual65","ms":54636,"pulses":[2065,2075,1753,1916,2073,1420]}
{"type":"single_probe_state","phase":0,"spent":false,"key_mask":0}
{"type":"actual65","ms":54786,"pulses":[2065,2075,1753,1916,2073,1420]}
{"type":"actual65","ms":54911,"pulses":[2065,2075,1753,1916,2073,1420]}
{"type":"teach_record","firmware":"nexarm-single-joint-probe-r1b","namespace":"handle_free","valid_mask":255,"storage_fault":false,"record_hex":"31444e480100ff00fb07790806071c083a087705a106fe05cc0bf90db20a78059e064c05300cee0db20a8d071b085607250bb40e1b0cb70726096906070bd90d4009b0073109c505cf0a3b0d7b09af072809cb05dd0a3b0d5c09490453081a08c6067c071a084a04b050daaf","playback_enabled":false}
{"type":"actual65","ms":55036,"pulses":[2065,2075,1753,1916,2073,1420]}
{"type":"actual65","ms":55186,"pulses":[2065,2075,1753,1916,2073,1420]}
{"type":"actual65","ms":55311,"pulses":[2065,2075,1753,1916,2073,1420]}
{"type":"actual65","ms":55436,"pulses":[2065,2075,1753,1916,2073,1420]}
{"type":"actual65","ms":55586,"pulses":[2065,2075,1753,1916,2073,1420]}
{"type":"actual65","ms":55711,"pulses":[2065,2075,1753,1916,2073,1420]}
{"type":"single_probe_state","phase":0,"spent":false,"key_mask":0}
{"type":"actual65","ms":55836,"pulses":[2065,2075,1753,1916,2073,1420]}
{"type":"actual65","ms":55986,"pulses":[2065,2075,1753,1916,2073,1420]}
{"type":"actual65","ms":56111,"pulses":[2065,2075,1753,1916,2073,1420]}
{"type":"actual65","ms":56236,"pulses":[2065,2075,1753,1916,2073,1420]}
{"type":"actual65","ms":56386,"pulses":[2065,2075,1753,1916,2073,1420]}
{"type":"actual65","ms":56511,"pulses":[2065,2075,1753,1916,2073,1420]}
{"type":"actual65","ms":56636,"pulses":[2065,2075,1753,1916,2073,1420]}
{"type":"single_probe_state","phase":0,"spent":false,"key_mask":0}
{"type":"actual65","ms":56786,"pulses":[2065,2075,1753,1916,2073,1420]}
{"type":"actual65","ms":56911,"pulses":[2065,2075,1753,1916,2073,1420]}
{"type":"actual65","ms":57036,"pulses":[2065,2075,1753,1916,2073,1420]}
{"type":"actual65","ms":57186,"pulses":[2065,2075,1753,1916,2073,1420]}
{"type":"actual65","ms":57311,"pulses":[2065,2075,1753,1916,2073,1420]}
{"type":"actual65","ms":57436,"pulses":[2065,2075,1753,1916,2074,1420]}
{"type":"actual65","ms":57586,"pulses":[2065,2075,1753,1916,2074,1420]}
{"type":"actual65","ms":57711,"pulses":[2065,2075,1753,1916,2073,1420]}
{"type":"single_probe_state","phase":0,"spent":false,"key_mask":0}
{"type":"actual65","ms":57836,"pulses":[2065,2075,1753,1916,2073,1420]}
{"type":"actual65","ms":57986,"pulses":[2065,2075,1753,1916,2073,1420]}
{"type":"actual65","ms":58111,"pulses":[2065,2075,1753,1916,2073,1420]}
{"type":"actual65","ms":58236,"pulses":[2065,2075,1753,1916,2073,1420]}
{"type":"actual65","ms":58386,"pulses":[2065,2075,1753,1916,2073,1420]}
{"type":"actual65","ms":58511,"pulses":[2065,2075,1753,1916,2073,1420]}
{"type":"actual65","ms":58636,"pulses":[2065,2075,1753,1916,2074,1420]}
{"type":"single_probe_state","phase":0,"spent":false,"key_mask":0}
{"type":"actual65","ms":58786,"pulses":[2065,2075,1753,1916,2074,1420]}
{"type":"actual65","ms":58911,"pulses":[2065,2075,1753,1916,2073,1420]}
{"type":"actual65","ms":59036,"pulses":[2065,2075,1753,1916,2073,1420]}
{"type":"actual65","ms":59186,"pulses":[2065,2075,1753,1916,2073,1420]}
{"type":"actual65","ms":59311,"pulses":[2065,2075,1753,1916,2073,1420]}
{"type":"actual65","ms":59436,"pulses":[2065,2075,1753,1916,2073,1420]}
{"type":"actual65","ms":59586,"pulses":[2065,2075,1753,1916,2073,1420]}
{"type":"actual65","ms":59711,"pulses":[2065,2075,1753,1916,2073,1420]}
{"type":"single_probe_state","phase":0,"spent":false,"key_mask":0}
{"type":"actual65","ms":59836,"pulses":[2065,2075,1753,1916,2073,1420]}
{"type":"actual65","ms":59986,"pulses":[2065,2075,1753,1916,2073,1420]}
{"type":"teach_record","firmware":"nexarm-single-joint-probe-r1b","namespace":"handle_free","valid_mask":255,"storage_fault":false,"record_hex":"31444e480100ff00fb07790806071c083a087705a106fe05cc0bf90db20a78059e064c05300cee0db20a8d071b085607250bb40e1b0cb70726096906070bd90d4009b0073109c505cf0a3b0d7b09af072809cb05dd0a3b0d5c09490453081a08c6067c071a084a04b050daaf","playback_enabled":false}
{"type":"actual65","ms":60111,"pulses":[2065,2075,1753,1916,2073,1420]}
{"type":"actual65","ms":60236,"pulses":[2065,2075,1753,1916,2074,1420]}
{"type":"actual65","ms":60386,"pulses":[2065,2075,1753,1916,2074,1420]}
{"type":"actual65","ms":60511,"pulses":[2065,2075,1753,1916,2073,1420]}
{"type":"actual65","ms":60636,"pulses":[2065,2075,1753,1916,2073,1420]}
{"type":"single_probe_state","phase":0,"spent":false,"key_mask":0}
{"type":"actual65","ms":60786,"pulses":[2065,2075,1753,1916,2073,1420]}
{"type":"actual65","ms":60911,"pulses":[2065,2075,1753,1916,2073,1420]}
{"type":"actual65","ms":61036,"pulses":[2065,2075,1753,1916,2073,1420]}
{"type":"actual65","ms":61186,"pulses":[2065,2075,1753,1916,2073,1420]}
{"type":"actual65","ms":61311,"pulses":[2065,2075,1753,1916,2073,1420]}
{"type":"actual65","ms":61436,"pulses":[2065,2075,1753,1916,2073,1420]}
{"type":"actual65","ms":61586,"pulses":[2065,2075,1753,1916,2073,1420]}
{"type":"actual65","ms":61711,"pulses":[2065,2075,1753,1916,2073,1420]}
{"type":"single_probe_state","phase":0,"spent":false,"key_mask":0}
{"type":"actual65","ms":61836,"pulses":[2065,2075,1753,1916,2073,1420]}
{"type":"actual65","ms":61986,"pulses":[2065,2075,1753,1916,2073,1420]}
{"type":"actual65","ms":62111,"pulses":[2065,2075,1753,1916,2073,1420]}
{"type":"actual65","ms":62236,"pulses":[2065,2075,1753,1916,2073,1420]}
{"type":"actual65","ms":62386,"pulses":[2065,2075,1753,1916,2073,1420]}
{"type":"actual65","ms":62511,"pulses":[2065,2075,1753,1916,2073,1420]}
{"type":"actual65","ms":62636,"pulses":[2065,2075,1753,1916,2073,1420]}
{"type":"single_probe_state","phase":0,"spent":false,"key_mask":0}
{"type":"actual65","ms":62786,"pulses":[2065,2075,1753,1916,2073,1420]}
{"type":"actual65","ms":62911,"pulses":[2065,2075,1753,1916,2073,1420]}
{"type":"actual65","ms":63036,"pulses":[2065,2075,1753,1916,2073,1420]}
{"type":"actual65","ms":63186,"pulses":[2065,2075,1753,1916,2073,1420]}
{"type":"actual65","ms":63311,"pulses":[2065,2075,1753,1916,2073,1420]}
{"type":"actual65","ms":63436,"pulses":[2065,2075,1753,1916,2073,1420]}
{"type":"actual65","ms":63586,"pulses":[2065,2075,1753,1916,2073,1420]}
{"type":"actual65","ms":63711,"pulses":[2065,2075,1753,1916,2073,1420]}
{"type":"single_probe_state","phase":0,"spent":false,"key_mask":0}
{"type":"actual65","ms":63836,"pulses":[2065,2075,1753,1916,2073,1420]}
{"type":"actual65","ms":63986,"pulses":[2065,2075,1753,1916,2073,1420]}
{"type":"actual65","ms":64111,"pulses":[2065,2075,1753,1916,2073,1420]}
{"type":"actual65","ms":64236,"pulses":[2065,2075,1753,1916,2073,1420]}
{"type":"actual65","ms":64386,"pulses":[2065,2075,1753,1916,2073,1420]}
{"type":"actual65","ms":64511,"pulses":[2065,2075,1753,1916,2073,1420]}
{"type":"actual65","ms":64636,"pulses":[2065,2075,1753,1916,2073,1420]}
{"type":"single_probe_state","phase":0,"spent":false,"key_mask":0}
{"type":"actual65","ms":64786,"pulses":[2065,2075,1753,1916,2073,1420]}
{"type":"actual65","ms":64911,"pulses":[2065,2075,1753,1916,2073,1420]}
{"type":"teach_record","firmware":"nexarm-single-joint-probe-r1b","namespace":"handle_free","valid_mask":255,"storage_fault":false,"record_hex":"31444e480100ff00fb07790806071c083a087705a106fe05cc0bf90db20a78059e064c05300cee0db20a8d071b085607250bb40e1b0cb70726096906070bd90d4009b0073109c505cf0a3b0d7b09af072809cb05dd0a3b0d5c09490453081a08c6067c071a084a04b050daaf","playback_enabled":false}
{"type":"actual65","ms":65036,"pulses":[2065,2075,1753,1916,2073,1420]}
{"type":"actual65","ms":65186,"pulses":[2065,2075,1753,1916,2073,1420]}
{"type":"actual65","ms":65311,"pulses":[2065,2075,1753,1916,2073,1420]}
{"type":"actual65","ms":65436,"pulses":[2065,2075,1753,1916,2073,1420]}
{"type":"actual65","ms":65586,"pulses":[2065,2075,1753,1916,2073,1420]}
{"type":"actual65","ms":65711,"pulses":[2065,2075,1753,1916,2073,1420]}
{"type":"single_probe_state","phase":0,"spent":false,"key_mask":0}
{"type":"actual65","ms":65836,"pulses":[2065,2075,1753,1916,2073,1420]}
{"type":"actual65","ms":65986,"pulses":[2065,2075,1753,1916,2073,1420]}
{"type":"actual65","ms":66111,"pulses":[2065,2075,1753,1916,2073,1420]}
{"type":"actual65","ms":66236,"pulses":[2065,2075,1753,1916,2073,1420]}
{"type":"actual65","ms":66386,"pulses":[2065,2075,1753,1916,2073,1420]}
{"type":"actual65","ms":66511,"pulses":[2065,2075,1753,1916,2073,1420]}
{"type":"actual65","ms":66636,"pulses":[2065,2075,1753,1916,2073,1420]}
{"type":"single_probe_state","phase":0,"spent":false,"key_mask":0}
{"type":"actual65","ms":66786,"pulses":[2065,2075,1753,1916,2073,1420]}
{"type":"actual65","ms":66911,"pulses":[2065,2075,1753,1916,2073,1420]}
{"type":"actual65","ms":67036,"pulses":[2065,2075,1753,1916,2073,1420]}
{"type":"actual65","ms":67186,"pulses":[2065,2075,1753,1916,2073,1420]}
{"type":"actual65","ms":67311,"pulses":[2065,2075,1753,1916,2073,1420]}
{"type":"actual65","ms":67436,"pulses":[2065,2075,1753,1916,2073,1420]}
{"type":"actual65","ms":67586,"pulses":[2065,2075,1753,1916,2073,1420]}
{"type":"actual65","ms":67711,"pulses":[2065,2075,1753,1916,2073,1420]}
{"type":"single_probe_state","phase":0,"spent":false,"key_mask":0}
{"type":"actual65","ms":67836,"pulses":[2065,2075,1753,1916,2073,1420]}
{"type":"actual65","ms":67986,"pulses":[2065,2075,1753,1916,2073,1420]}
{"type":"actual65","ms":68111,"pulses":[2065,2075,1753,1916,2074,1420]}
{"type":"actual65","ms":68236,"pulses":[2065,2075,1753,1916,2073,1420]}
{"type":"actual65","ms":68386,"pulses":[2065,2075,1753,1916,2073,1420]}
{"type":"actual65","ms":68511,"pulses":[2065,2075,1753,1916,2073,1420]}
{"type":"actual65","ms":68636,"pulses":[2065,2075,1753,1916,2073,1420]}
{"type":"single_probe_state","phase":0,"spent":false,"key_mask":0}
{"type":"actual65","ms":68786,"pulses":[2065,2075,1753,1916,2073,1420]}
{"type":"actual65","ms":68911,"pulses":[2065,2075,1753,1916,2073,1420]}
{"type":"actual65","ms":69036,"pulses":[2065,2075,1753,1916,2073,1420]}
{"type":"actual65","ms":69186,"pulses":[2065,2075,1753,1916,2073,1420]}
{"type":"actual65","ms":69311,"pulses":[2065,2075,1753,1916,2073,1420]}
{"type":"actual65","ms":69436,"pulses":[2065,2075,1753,1916,2073,1420]}
{"type":"actual65","ms":69586,"pulses":[2065,2075,1753,1916,2073,1420]}
{"type":"actual65","ms":69711,"pulses":[2065,2075,1753,1916,2073,1420]}
{"type":"single_probe_state","phase":0,"spent":false,"key_mask":0}
{"type":"actual65","ms":69836,"pulses":[2065,2075,1753,1916,2073,1420]}
{"type":"actual65","ms":69986,"pulses":[2065,2075,1753,1916,2073,1420]}
{"type":"teach_record","firmware":"nexarm-single-joint-probe-r1b","namespace":"handle_free","valid_mask":255,"storage_fault":false,"record_hex":"31444e480100ff00fb07790806071c083a087705a106fe05cc0bf90db20a78059e064c05300cee0db20a8d071b085607250bb40e1b0cb70726096906070bd90d4009b0073109c505cf0a3b0d7b09af072809cb05dd0a3b0d5c09490453081a08c6067c071a084a04b050daaf","playback_enabled":false}
{"type":"actual65","ms":70111,"pulses":[2065,2075,1753,1916,2073,1420]}
{"type":"actual65","ms":70236,"pulses":[2065,2075,1753,1916,2073,1420]}
{"type":"actual65","ms":70386,"pulses":[2065,2075,1753,1916,2073,1420]}
{"type":"actual65","ms":70511,"pulses":[2065,2075,1753,1916,2073,1420]}
{"type":"actual65","ms":70636,"pulses":[2065,2075,1753,1916,2073,1420]}
{"type":"single_probe_state","phase":0,"spent":false,"key_mask":0}
{"type":"actual65","ms":70786,"pulses":[2065,2075,1753,1916,2073,1420]}
{"type":"actual65","ms":70911,"pulses":[2065,2075,1753,1916,2073,1420]}
{"type":"actual65","ms":71036,"pulses":[2065,2075,1753,1916,2073,1420]}
{"type":"actual65","ms":71186,"pulses":[2065,2075,1753,1916,2073,1420]}
{"type":"actual65","ms":71311,"pulses":[2065,2075,1753,1916,2073,1420]}
{"type":"actual65","ms":71436,"pulses":[2065,2075,1753,1916,2073,1420]}
{"type":"actual65","ms":71586,"pulses":[2065,2075,1753,1916,2073,1420]}
{"type":"actual65","ms":71711,"pulses":[2065,2075,1753,1916,2073,1420]}
{"type":"single_probe_state","phase":0,"spent":false,"key_mask":0}
{"type":"actual65","ms":71836,"pulses":[2065,2075,1753,1916,2073,1420]}
{"type":"actual65","ms":71986,"pulses":[2065,2075,1753,1916,2073,1420]}
{"type":"actual65","ms":72111,"pulses":[2065,2075,1753,1916,2073,1420]}
{"type":"actual65","ms":72236,"pulses":[2065,2075,1753,1916,2073,1420]}
{"type":"actual65","ms":72386,"pulses":[2065,2075,1753,1916,2073,1420]}
{"type":"actual65","ms":72511,"pulses":[2065,2075,1753,1916,2073,1420]}
{"type":"actual65","ms":72636,"pulses":[2065,2075,1753,1916,2073,1420]}
{"type":"single_probe_state","phase":0,"spent":false,"key_mask":0}
{"type":"actual65","ms":72786,"pulses":[2065,2075,1753,1916,2073,1420]}
{"type":"actual65","ms":72911,"pulses":[2065,2075,1753,1916,2073,1420]}
{"type":"actual65","ms":73036,"pulses":[2065,2075,1753,1916,2073,1420]}
{"type":"actual65","ms":73186,"pulses":[2065,2075,1753,1916,2073,1420]}
{"type":"actual65","ms":73311,"pulses":[2065,2075,1753,1916,2074,1420]}
{"type":"actual65","ms":73436,"pulses":[2065,2075,1753,1916,2073,1420]}
{"type":"actual65","ms":73586,"pulses":[2065,2075,1753,1916,2073,1420]}
{"type":"actual65","ms":73711,"pulses":[2065,2075,1753,1916,2073,1420]}
{"type":"single_probe_state","phase":0,"spent":false,"key_mask":0}
{"type":"actual65","ms":73836,"pulses":[2065,2075,1753,1916,2073,1420]}
{"type":"actual65","ms":73986,"pulses":[2065,2075,1753,1916,2073,1420]}
{"type":"actual65","ms":74111,"pulses":[2065,2075,1753,1916,2073,1420]}
{"type":"actual65","ms":74236,"pulses":[2065,2075,1753,1916,2073,1420]}
{"type":"actual65","ms":74386,"pulses":[2065,2075,1753,1916,2073,1420]}
{"type":"actual65","ms":74511,"pulses":[2065,2075,1753,1916,2073,1420]}
{"type":"actual65","ms":74636,"pulses":[2065,2075,1753,1916,2073,1420]}
{"type":"single_probe_state","phase":0,"spent":false,"key_mask":0}
{"type":"actual65","ms":74786,"pulses":[2065,2075,1753,1916,2073,1420]}
{"type":"actual65","ms":74911,"pulses":[2065,2075,1753,1916,2073,1420]}
{"type":"teach_record","firmware":"nexarm-single-joint-probe-r1b","namespace":"handle_free","valid_mask":255,"storage_fault":false,"record_hex":"31444e480100ff00fb07790806071c083a087705a106fe05cc0bf90db20a78059e064c05300cee0db20a8d071b085607250bb40e1b0cb70726096906070bd90d4009b0073109c505cf0a3b0d7b09af072809cb05dd0a3b0d5c09490453081a08c6067c071a084a04b050daaf","playback_enabled":false}
{"type":"actual65","ms":75036,"pulses":[2065,2075,1753,1916,2073,1420]}
{"type":"actual65","ms":75186,"pulses":[2065,2075,1753,1916,2073,1420]}
{"type":"actual65","ms":75311,"pulses":[2065,2075,1753,1916,2073,1420]}
{"type":"actual65","ms":75436,"pulses":[2065,2075,1753,1916,2073,1420]}
{"type":"actual65","ms":75586,"pulses":[2065,2075,1753,1916,2073,1420]}
{"type":"actual65","ms":75711,"pulses":[2065,2075,1753,1916,2073,1420]}
{"type":"single_probe_state","phase":0,"spent":false,"key_mask":0}
{"type":"actual65","ms":75836,"pulses":[2065,2075,1753,1916,2073,1420]}
{"type":"actual65","ms":75986,"pulses":[2065,2075,1753,1916,2073,1420]}
{"type":"actual65","ms":76111,"pulses":[2065,2075,1753,1916,2073,1420]}
{"type":"actual65","ms":76236,"pulses":[2065,2075,1753,1916,2073,1420]}
{"type":"actual65","ms":76386,"pulses":[2065,2075,1753,1916,2073,1420]}
{"type":"actual65","ms":76511,"pulses":[2065,2075,1753,1916,2073,1420]}
{"type":"actual65","ms":76636,"pulses":[2065,2075,1753,1916,2073,1420]}
{"type":"single_probe_state","phase":0,"spent":false,"key_mask":0}
{"type":"actual65","ms":76786,"pulses":[2065,2075,1753,1916,2073,1420]}
{"type":"actual65","ms":76911,"pulses":[2065,2075,1753,1916,2073,1420]}
{"type":"actual65","ms":77036,"pulses":[2065,2075,1753,1916,2073,1420]}
{"type":"actual65","ms":77186,"pulses":[2065,2075,1753,1916,2073,1420]}
{"type":"actual65","ms":77311,"pulses":[2065,2075,1753,1916,2074,1420]}
{"type":"actual65","ms":77436,"pulses":[2065,2075,1753,1916,2073,1420]}
{"type":"actual65","ms":77586,"pulses":[2065,2075,1753,1916,2073,1420]}
{"type":"actual65","ms":77711,"pulses":[2065,2075,1753,1916,2073,1420]}
{"type":"single_probe_state","phase":0,"spent":false,"key_mask":0}
{"type":"actual65","ms":77836,"pulses":[2065,2075,1753,1916,2073,1420]}
{"type":"actual65","ms":77986,"pulses":[2065,2075,1753,1916,2073,1420]}
{"type":"actual65","ms":78111,"pulses":[2065,2075,1753,1916,2073,1420]}
{"type":"actual65","ms":78236,"pulses":[2065,2075,1753,1916,2073,1420]}
{"type":"actual65","ms":78386,"pulses":[2065,2075,1753,1916,2073,1420]}
{"type":"actual65","ms":78511,"pulses":[2065,2075,1753,1916,2074,1420]}
{"type":"actual65","ms":78636,"pulses":[2065,2075,1753,1916,2073,1420]}
{"type":"single_probe_state","phase":0,"spent":false,"key_mask":0}
{"type":"actual65","ms":78786,"pulses":[2065,2075,1753,1916,2073,1420]}
{"type":"actual65","ms":78911,"pulses":[2065,2075,1753,1916,2073,1420]}
{"type":"actual65","ms":79036,"pulses":[2065,2075,1753,1916,2073,1420]}
{"type":"actual65","ms":79186,"pulses":[2065,2075,1753,1916,2073,1420]}
{"type":"actual65","ms":79311,"pulses":[2065,2075,1753,1916,2073,1420]}
{"type":"actual65","ms":79436,"pulses":[2065,2075,1753,1916,2073,1420]}
{"type":"actual65","ms":79586,"pulses":[2065,2075,1753,1916,2073,1420]}
{"type":"actual65","ms":79711,"pulses":[2065,2075,1753,1916,2073,1420]}
{"type":"single_probe_state","phase":0,"spent":false,"key_mask":0}
{"type":"actual65","ms":79836,"pulses":[2065,2075,1753,1916,2073,1420]}
{"type":"actual65","ms":79986,"pulses":[2065,2075,1753,1916,2073,1420]}
{"type":"teach_record","firmware":"nexarm-single-joint-probe-r1b","namespace":"handle_free","valid_mask":255,"storage_fault":false,"record_hex":"31444e480100ff00fb07790806071c083a087705a106fe05cc0bf90db20a78059e064c05300cee0db20a8d071b085607250bb40e1b0cb70726096906070bd90d4009b0073109c505cf0a3b0d7b09af072809cb05dd0a3b0d5c09490453081a08c6067c071a084a04b050daaf","playback_enabled":false}
{"type":"actual65","ms":80111,"pulses":[2065,2075,1753,1916,2073,1420]}
{"type":"actual65","ms":80236,"pulses":[2065,2075,1753,1916,2073,1420]}
{"type":"actual65","ms":80386,"pulses":[2065,2075,1753,1916,2073,1420]}
{"type":"actual65","ms":80511,"pulses":[2065,2075,1753,1916,2073,1420]}
{"type":"actual65","ms":80636,"pulses":[2065,2075,1753,1916,2073,1420]}
{"type":"single_probe_state","phase":0,"spent":false,"key_mask":0}
{"type":"actual65","ms":80786,"pulses":[2065,2075,1753,1916,2073,1420]}
{"type":"actual65","ms":80911,"pulses":[2065,2075,1753,1916,2073,1420]}
{"type":"actual65","ms":81036,"pulses":[2065,2075,1753,1916,2073,1420]}
{"type":"actual65","ms":81186,"pulses":[2065,2075,1753,1916,2073,1420]}
{"type":"actual65","ms":81311,"pulses":[2065,2075,1753,1916,2073,1420]}
{"type":"actual65","ms":81436,"pulses":[2065,2075,1753,1916,2073,1420]}
{"type":"actual65","ms":81586,"pulses":[2065,2075,1753,1916,2073,1420]}
{"type":"actual65","ms":81711,"pulses":[2065,2075,1753,1916,2074,1420]}
{"type":"single_probe_state","phase":0,"spent":false,"key_mask":0}
{"type":"actual65","ms":81836,"pulses":[2065,2075,1753,1916,2073,1420]}
{"type":"actual65","ms":81986,"pulses":[2065,2075,1753,1916,2073,1420]}
{"type":"actual65","ms":82111,"pulses":[2065,2075,1753,1916,2073,1420]}
{"type":"actual65","ms":82236,"pulses":[2065,2075,1753,1916,2074,1420]}
{"type":"actual65","ms":82386,"pulses":[2065,2075,1753,1916,2074,1420]}
{"type":"actual65","ms":82511,"pulses":[2065,2075,1753,1916,2073,1420]}
{"type":"actual65","ms":82636,"pulses":[2065,2075,1753,1916,2073,1420]}
{"type":"single_probe_state","phase":0,"spent":false,"key_mask":0}
{"type":"actual65","ms":82786,"pulses":[2065,2075,1753,1916,2073,1420]}
{"type":"actual65","ms":82911,"pulses":[2065,2075,1753,1916,2073,1420]}
{"type":"actual65","ms":83036,"pulses":[2065,2075,1753,1916,2074,1420]}
{"type":"actual65","ms":83186,"pulses":[2065,2075,1753,1916,2074,1420]}
{"type":"actual65","ms":83311,"pulses":[2065,2075,1753,1916,2073,1420]}
{"type":"actual65","ms":83436,"pulses":[2065,2075,1753,1916,2073,1420]}
{"type":"actual65","ms":83586,"pulses":[2065,2075,1753,1916,2073,1420]}
{"type":"actual65","ms":83711,"pulses":[2065,2075,1753,1916,2073,1420]}
{"type":"single_probe_state","phase":0,"spent":false,"key_mask":0}
{"type":"actual65","ms":83836,"pulses":[2065,2075,1753,1916,2073,1419]}
{"type":"actual65","ms":83986,"pulses":[2065,2075,1753,1916,2073,1419]}
{"type":"actual65","ms":84111,"pulses":[2065,2075,1753,1916,2073,1420]}
{"type":"actual65","ms":84236,"pulses":[2065,2075,1753,1916,2073,1420]}
{"type":"actual65","ms":84386,"pulses":[2065,2075,1753,1916,2073,1420]}
{"type":"actual65","ms":84511,"pulses":[2065,2075,1753,1916,2073,1420]}
{"type":"actual65","ms":84636,"pulses":[2065,2075,1753,1916,2073,1420]}
{"type":"single_probe_state","phase":0,"spent":false,"key_mask":0}
{"type":"actual65","ms":84786,"pulses":[2065,2075,1753,1916,2073,1420]}
{"type":"actual65","ms":84911,"pulses":[2065,2075,1753,1916,2074,1420]}
{"type":"teach_record","firmware":"nexarm-single-joint-probe-r1b","namespace":"handle_free","valid_mask":255,"storage_fault":false,"record_hex":"31444e480100ff00fb07790806071c083a087705a106fe05cc0bf90db20a78059e064c05300cee0db20a8d071b085607250bb40e1b0cb70726096906070bd90d4009b0073109c505cf0a3b0d7b09af072809cb05dd0a3b0d5c09490453081a08c6067c071a084a04b050daaf","playback_enabled":false}
{"type":"actual65","ms":85036,"pulses":[2065,2075,1753,1916,2073,1420]}
{"type":"actual65","ms":85186,"pulses":[2065,2075,1753,1916,2073,1420]}
{"type":"actual65","ms":85311,"pulses":[2065,2075,1753,1916,2073,1420]}
{"type":"actual65","ms":85436,"pulses":[2065,2075,1753,1916,2073,1420]}
{"type":"actual65","ms":85586,"pulses":[2065,2075,1753,1916,2073,1420]}
{"type":"actual65","ms":85711,"pulses":[2065,2075,1753,1916,2073,1420]}
{"type":"single_probe_state","phase":0,"spent":false,"key_mask":0}
{"type":"actual65","ms":85836,"pulses":[2065,2075,1753,1916,2073,1420]}
{"type":"actual65","ms":85986,"pulses":[2065,2075,1753,1916,2073,1420]}
{"type":"actual65","ms":86111,"pulses":[2065,2075,1753,1916,2073,1420]}
{"type":"actual65","ms":86236,"pulses":[2065,2075,1753,1916,2073,1420]}
{"type":"actual65","ms":86386,"pulses":[2065,2075,1753,1916,2073,1420]}
{"type":"actual65","ms":86511,"pulses":[2065,2075,1753,1916,2073,1420]}
{"type":"actual65","ms":86636,"pulses":[2065,2075,1753,1916,2073,1420]}
{"type":"single_probe_state","phase":0,"spent":false,"key_mask":0}
{"type":"actual65","ms":86786,"pulses":[2065,2075,1753,1916,2073,1420]}
{"type":"actual65","ms":86911,"pulses":[2065,2075,1753,1916,2073,1420]}
{"type":"actual65","ms":87036,"pulses":[2065,2075,1753,1916,2073,1420]}
{"type":"actual65","ms":87186,"pulses":[2065,2075,1753,1916,2073,1420]}
{"type":"actual65","ms":87311,"pulses":[2065,2075,1753,1916,2073,1419]}
{"type":"actual65","ms":87436,"pulses":[2065,2075,1753,1916,2073,1420]}
{"type":"actual65","ms":87586,"pulses":[2065,2075,1753,1916,2073,1420]}
{"type":"actual65","ms":87711,"pulses":[2065,2075,1753,1916,2073,1420]}
{"type":"single_probe_state","phase":0,"spent":false,"key_mask":0}
{"type":"actual65","ms":87836,"pulses":[2065,2075,1753,1916,2073,1420]}
{"type":"actual65","ms":87986,"pulses":[2065,2075,1753,1916,2073,1420]}
{"type":"actual65","ms":88111,"pulses":[2065,2075,1753,1916,2073,1420]}
{"type":"actual65","ms":88236,"pulses":[2065,2075,1753,1916,2073,1420]}
{"type":"actual65","ms":88386,"pulses":[2065,2075,1753,1916,2073,1420]}
{"type":"actual65","ms":88511,"pulses":[2065,2075,1753,1916,2073,1420]}
{"type":"actual65","ms":88636,"pulses":[2065,2075,1753,1916,2073,1420]}
{"type":"single_probe_state","phase":0,"spent":false,"key_mask":0}
{"type":"actual65","ms":88786,"pulses":[2065,2075,1753,1916,2073,1420]}
{"type":"actual65","ms":88911,"pulses":[2065,2075,1753,1916,2073,1420]}
{"type":"actual65","ms":89036,"pulses":[2065,2075,1753,1916,2073,1420]}
{"type":"actual65","ms":89186,"pulses":[2065,2075,1753,1916,2073,1420]}
{"type":"actual65","ms":89311,"pulses":[2065,2075,1753,1916,2074,1420]}
{"type":"actual65","ms":89436,"pulses":[2065,2075,1753,1916,2073,1420]}
{"type":"actual65","ms":89586,"pulses":[2065,2075,1753,1916,2073,1420]}
{"type":"actual65","ms":89711,"pulses":[2065,2075,1753,1916,2073,1421]}
{"type":"single_probe_state","phase":0,"spent":false,"key_mask":0}
{"type":"actual65","ms":89836,"pulses":[2065,2075,1753,1916,2073,1420]}
{"type":"actual65","ms":89986,"pulses":[2065,2075,1753,1916,2073,1420]}
{"type":"teach_record","firmware":"nexarm-single-joint-probe-r1b","namespace":"handle_free","valid_mask":255,"storage_fault":false,"record_hex":"31444e480100ff00fb07790806071c083a087705a106fe05cc0bf90db20a78059e064c05300cee0db20a8d071b085607250bb40e1b0cb70726096906070bd90d4009b0073109c505cf0a3b0d7b09af072809cb05dd0a3b0d5c09490453081a08c6067c071a084a04b050daaf","playback_enabled":false}
{"type":"actual65","ms":90111,"pulses":[2065,2075,1753,1916,2073,1420]}
{"type":"actual65","ms":90236,"pulses":[2065,2075,1753,1916,2073,1420]}
{"type":"actual65","ms":90386,"pulses":[2065,2075,1753,1916,2073,1420]}
{"type":"actual65","ms":90511,"pulses":[2065,2075,1753,1916,2073,1420]}
{"type":"actual65","ms":90636,"pulses":[2065,2075,1753,1916,2073,1420]}
{"type":"single_probe_state","phase":0,"spent":false,"key_mask":0}
{"type":"actual65","ms":90786,"pulses":[2065,2075,1753,1916,2073,1420]}
{"type":"actual65","ms":90911,"pulses":[2065,2075,1753,1916,2073,1420]}
{"type":"actual65","ms":91036,"pulses":[2065,2075,1753,1916,2073,1420]}
{"type":"actual65","ms":91186,"pulses":[2065,2075,1753,1916,2073,1420]}
{"type":"actual65","ms":91311,"pulses":[2065,2075,1753,1916,2073,1420]}
{"type":"actual65","ms":91436,"pulses":[2065,2075,1753,1916,2073,1420]}
{"type":"actual65","ms":91586,"pulses":[2065,2075,1753,1916,2073,1420]}
{"type":"actual65","ms":91711,"pulses":[2065,2075,1753,1916,2073,1420]}
{"type":"single_probe_state","phase":0,"spent":false,"key_mask":0}
{"type":"actual65","ms":91836,"pulses":[2065,2075,1753,1916,2073,1420]}
{"type":"actual65","ms":91986,"pulses":[2065,2075,1753,1916,2073,1420]}
{"type":"actual65","ms":92111,"pulses":[2065,2075,1753,1916,2073,1420]}
{"type":"actual65","ms":92236,"pulses":[2065,2075,1753,1916,2073,1420]}
{"type":"actual65","ms":92386,"pulses":[2065,2075,1753,1916,2073,1420]}
{"type":"actual65","ms":92511,"pulses":[2065,2075,1753,1916,2073,1420]}
{"type":"actual65","ms":92636,"pulses":[2065,2075,1753,1916,2073,1421]}
{"type":"single_probe_state","phase":0,"spent":false,"key_mask":0}
{"type":"actual65","ms":92786,"pulses":[2065,2075,1753,1916,2073,1421]}
{"type":"actual65","ms":92911,"pulses":[2065,2075,1753,1916,2073,1420]}
{"type":"actual65","ms":93036,"pulses":[2065,2075,1753,1916,2073,1420]}
{"type":"actual65","ms":93186,"pulses":[2065,2075,1753,1916,2073,1420]}
{"type":"actual65","ms":93311,"pulses":[2065,2075,1753,1916,2073,1420]}
{"type":"actual65","ms":93436,"pulses":[2065,2075,1753,1916,2073,1419]}
{"type":"actual65","ms":93586,"pulses":[2065,2075,1753,1916,2073,1419]}
{"type":"actual65","ms":93711,"pulses":[2065,2075,1753,1916,2073,1420]}
{"type":"single_probe_state","phase":0,"spent":false,"key_mask":0}
{"type":"actual65","ms":93836,"pulses":[2065,2075,1753,1916,2073,1420]}
{"type":"actual65","ms":93986,"pulses":[2065,2075,1753,1916,2073,1420]}
{"type":"actual65","ms":94111,"pulses":[2065,2075,1753,1916,2073,1420]}
{"type":"actual65","ms":94236,"pulses":[2065,2075,1753,1916,2073,1420]}
{"type":"actual65","ms":94386,"pulses":[2065,2075,1753,1916,2073,1420]}
{"type":"actual65","ms":94511,"pulses":[2065,2075,1753,1916,2073,1420]}
{"type":"actual65","ms":94636,"pulses":[2065,2075,1753,1916,2073,1420]}
{"type":"single_probe_state","phase":0,"spent":false,"key_mask":0}
{"type":"actual65","ms":94786,"pulses":[2065,2075,1753,1916,2073,1420]}
{"type":"actual65","ms":94911,"pulses":[2065,2075,1753,1916,2073,1420]}
{"type":"teach_record","firmware":"nexarm-single-joint-probe-r1b","namespace":"handle_free","valid_mask":255,"storage_fault":false,"record_hex":"31444e480100ff00fb07790806071c083a087705a106fe05cc0bf90db20a78059e064c05300cee0db20a8d071b085607250bb40e1b0cb70726096906070bd90d4009b0073109c505cf0a3b0d7b09af072809cb05dd0a3b0d5c09490453081a08c6067c071a084a04b050daaf","playback_enabled":false}
{"type":"actual65","ms":95036,"pulses":[2065,2075,1753,1916,2073,1420]}
{"type":"actual65","ms":95186,"pulses":[2065,2075,1753,1916,2073,1420]}
{"type":"actual65","ms":95311,"pulses":[2065,2075,1753,1916,2073,1420]}
{"type":"actual65","ms":95436,"pulses":[2065,2075,1753,1916,2073,1420]}
{"type":"actual65","ms":95586,"pulses":[2065,2075,1753,1916,2073,1420]}
{"type":"actual65","ms":95711,"pulses":[2065,2075,1753,1916,2073,1420]}
{"type":"single_probe_state","phase":0,"spent":false,"key_mask":0}
{"type":"actual65","ms":95836,"pulses":[2065,2075,1753,1916,2073,1420]}
{"type":"actual65","ms":95986,"pulses":[2065,2075,1753,1916,2073,1420]}
{"type":"actual65","ms":96111,"pulses":[2065,2075,1753,1916,2073,1420]}
{"type":"actual65","ms":96236,"pulses":[2065,2075,1753,1916,2073,1420]}
{"type":"actual65","ms":96386,"pulses":[2065,2075,1753,1916,2073,1420]}
{"type":"actual65","ms":96511,"pulses":[2065,2075,1753,1916,2073,1420]}
{"type":"actual65","ms":96636,"pulses":[2065,2075,1753,1916,2073,1420]}
{"type":"single_probe_state","phase":0,"spent":false,"key_mask":0}
{"type":"actual65","ms":96786,"pulses":[2065,2075,1753,1916,2073,1420]}
{"type":"actual65","ms":96911,"pulses":[2065,2075,1753,1916,2073,1420]}
{"type":"actual65","ms":97036,"pulses":[2065,2075,1753,1916,2073,1420]}
{"type":"actual65","ms":97186,"pulses":[2065,2075,1753,1916,2073,1420]}
{"type":"actual65","ms":97311,"pulses":[2065,2075,1753,1916,2073,1420]}
{"type":"actual65","ms":97436,"pulses":[2065,2075,1753,1916,2073,1420]}
{"type":"actual65","ms":97586,"pulses":[2065,2075,1753,1916,2073,1420]}
{"type":"actual65","ms":97711,"pulses":[2065,2075,1753,1916,2073,1420]}
{"type":"single_probe_state","phase":0,"spent":false,"key_mask":0}
{"type":"actual65","ms":97836,"pulses":[2065,2075,1753,1916,2073,1420]}
{"type":"actual65","ms":97986,"pulses":[2065,2075,1753,1916,2073,1420]}
{"type":"actual65","ms":98111,"pulses":[2065,2075,1753,1916,2073,1420]}
{"type":"actual65","ms":98236,"pulses":[2065,2075,1753,1916,2073,1420]}
{"type":"actual65","ms":98386,"pulses":[2065,2075,1753,1916,2073,1420]}
{"type":"actual65","ms":98511,"pulses":[2065,2075,1753,1916,2073,1420]}
{"type":"actual65","ms":98636,"pulses":[2065,2075,1753,1916,2073,1420]}
{"type":"single_probe_state","phase":0,"spent":false,"key_mask":0}
{"type":"actual65","ms":98786,"pulses":[2065,2075,1753,1916,2073,1420]}
{"type":"actual65","ms":98911,"pulses":[2065,2075,1753,1916,2073,1420]}
{"type":"actual65","ms":99036,"pulses":[2065,2075,1753,1916,2073,1420]}
{"type":"actual65","ms":99186,"pulses":[2065,2075,1753,1916,2073,1420]}
{"type":"actual65","ms":99311,"pulses":[2065,2075,1753,1916,2073,1420]}
{"type":"actual65","ms":99436,"pulses":[2065,2075,1753,1916,2073,1420]}
{"type":"actual65","ms":99586,"pulses":[2065,2075,1753,1916,2073,1420]}
{"type":"actual65","ms":99711,"pulses":[2065,2075,1753,1916,2073,1420]}
{"type":"single_probe_state","phase":0,"spent":false,"key_mask":0}
{"type":"actual65","ms":99836,"pulses":[2065,2075,1753,1916,2073,1420]}
{"type":"actual65","ms":99986,"pulses":[2065,2075,1753,1916,2073,1420]}
{"type":"teach_record","firmware":"nexarm-single-joint-probe-r1b","namespace":"handle_free","valid_mask":255,"storage_fault":false,"record_hex":"31444e480100ff00fb07790806071c083a087705a106fe05cc0bf90db20a78059e064c05300cee0db20a8d071b085607250bb40e1b0cb70726096906070bd90d4009b0073109c505cf0a3b0d7b09af072809cb05dd0a3b0d5c09490453081a08c6067c071a084a04b050daaf","playback_enabled":false}
{"type":"actual65","ms":100111,"pulses":[2065,2075,1753,1916,2073,1420]}
{"type":"actual65","ms":100236,"pulses":[2065,2075,1753,1916,2073,1420]}
{"type":"actual65","ms":100386,"pulses":[2065,2075,1753,1916,2073,1420]}
{"type":"actual65","ms":100511,"pulses":[2065,2075,1753,1916,2073,1420]}
{"type":"actual65","ms":100636,"pulses":[2065,2075,1753,1916,2073,1420]}
{"type":"single_probe_state","phase":0,"spent":false,"key_mask":0}
{"type":"actual65","ms":100786,"pulses":[2065,2075,1753,1916,2073,1420]}
{"type":"actual65","ms":100911,"pulses":[2065,2075,1753,1916,2073,1420]}
{"type":"actual65","ms":101036,"pulses":[2065,2075,1753,1916,2073,1420]}
{"type":"actual65","ms":101186,"pulses":[2065,2075,1753,1916,2073,1420]}
{"type":"actual65","ms":101311,"pulses":[2065,2075,1753,1916,2073,1420]}
{"type":"actual65","ms":101436,"pulses":[2065,2075,1753,1916,2073,1420]}
{"type":"actual65","ms":101586,"pulses":[2065,2075,1753,1916,2073,1420]}
{"type":"actual65","ms":101711,"pulses":[2065,2075,1753,1916,2073,1420]}
{"type":"single_probe_state","phase":0,"spent":false,"key_mask":0}
{"type":"actual65","ms":101836,"pulses":[2065,2075,1753,1916,2073,1420]}
{"type":"actual65","ms":101986,"pulses":[2065,2075,1753,1916,2073,1420]}
{"type":"actual65","ms":102111,"pulses":[2065,2075,1753,1916,2073,1420]}
{"type":"actual65","ms":102236,"pulses":[2065,2075,1753,1916,2073,1420]}
{"type":"actual65","ms":102386,"pulses":[2065,2075,1753,1916,2073,1420]}
{"type":"actual65","ms":102511,"pulses":[2065,2075,1753,1916,2073,1420]}
{"type":"actual65","ms":102636,"pulses":[2065,2075,1753,1916,2073,1420]}
{"type":"single_probe_state","phase":0,"spent":false,"key_mask":0}
{"type":"actual65","ms":102786,"pulses":[2065,2075,1753,1916,2073,1420]}
{"type":"actual65","ms":102911,"pulses":[2065,2075,1753,1916,2073,1420]}
{"type":"actual65","ms":103036,"pulses":[2065,2075,1753,1916,2073,1420]}
{"type":"actual65","ms":103189,"pulses":[2065,2075,1753,1916,2073,1420]}
{"type":"actual65","ms":103311,"pulses":[2065,2075,1753,1916,2073,1420]}
{"type":"actual65","ms":103436,"pulses":[2065,2075,1753,1916,2073,1420]}
{"type":"actual65","ms":103588,"pulses":[2065,2075,1753,1916,2073,1420]}
{"type":"actual65","ms":103711,"pulses":[2065,2075,1753,1916,2073,1420]}
{"type":"single_probe_state","phase":0,"spent":false,"key_mask":0}
{"type":"actual65","ms":103836,"pulses":[2065,2075,1753,1916,2073,1420]}
{"type":"actual65","ms":103988,"pulses":[2065,2075,1753,1916,2073,1420]}
{"type":"actual65","ms":104111,"pulses":[2065,2075,1753,1916,2073,1420]}
{"type":"actual65","ms":104236,"pulses":[2065,2075,1753,1916,2073,1420]}
{"type":"actual65","ms":104388,"pulses":[2065,2075,1753,1916,2073,1421]}
{"type":"actual65","ms":104511,"pulses":[2065,2075,1753,1916,2073,1421]}
{"type":"actual65","ms":104636,"pulses":[2065,2075,1753,1916,2073,1420]}
{"type":"single_probe_state","phase":0,"spent":false,"key_mask":0}
{"type":"actual65","ms":104788,"pulses":[2065,2075,1753,1916,2073,1420]}
{"type":"actual65","ms":104911,"pulses":[2065,2075,1753,1916,2073,1420]}
{"type":"teach_record","firmware":"nexarm-single-joint-probe-r1b","namespace":"handle_free","valid_mask":255,"storage_fault":false,"record_hex":"31444e480100ff00fb07790806071c083a087705a106fe05cc0bf90db20a78059e064c05300cee0db20a8d071b085607250bb40e1b0cb70726096906070bd90d4009b0073109c505cf0a3b0d7b09af072809cb05dd0a3b0d5c09490453081a08c6067c071a084a04b050daaf","playback_enabled":false}
{"type":"actual65","ms":105036,"pulses":[2065,2075,1753,1916,2074,1420]}
{"type":"actual65","ms":105187,"pulses":[2065,2075,1753,1916,2073,1420]}
{"type":"actual65","ms":105311,"pulses":[2065,2075,1753,1916,2073,1420]}
{"type":"actual65","ms":105436,"pulses":[2065,2075,1753,1916,2073,1420]}
{"type":"actual65","ms":105587,"pulses":[2065,2075,1753,1916,2073,1420]}
{"type":"actual65","ms":105711,"pulses":[2065,2075,1753,1916,2073,1420]}
{"type":"single_probe_state","phase":0,"spent":false,"key_mask":0}
{"type":"actual65","ms":105836,"pulses":[2065,2075,1753,1916,2073,1420]}
{"type":"actual65","ms":105987,"pulses":[2065,2075,1753,1916,2073,1420]}
{"type":"actual65","ms":106112,"pulses":[2065,2075,1753,1916,2073,1420]}
{"type":"actual65","ms":106237,"pulses":[2065,2075,1753,1916,2073,1420]}
{"type":"actual65","ms":106387,"pulses":[2065,2075,1753,1916,2074,1420]}
[SingleProbe] K1 requested one ID6 open step; stabilizing
{"type":"actual65","ms":106512,"pulses":[2065,2075,1753,1916,2074,1420]}
{"type":"actual65","ms":106637,"pulses":[2065,2075,1753,1916,2073,1420]}
{"type":"single_probe_state","phase":1,"spent":false,"key_mask":0}
{"type":"actual65","ms":106787,"pulses":[2065,2075,1753,1916,2073,1420]}
{"type":"actual65","ms":106912,"pulses":[2065,2075,1753,1916,2073,1420]}
{"type":"actual65","ms":107037,"pulses":[2065,2075,1753,1916,2073,1420]}
{"type":"actual65","ms":107187,"pulses":[2065,2075,1753,1916,2073,1420]}
{"type":"actual65","ms":107312,"pulses":[2065,2075,1753,1916,2073,1420]}
{"type":"actual65","ms":107437,"pulses":[2065,2075,1753,1916,2073,1420]}
{"type":"actual65","ms":107587,"pulses":[2065,2075,1753,1916,2073,1420]}
{"type":"actual65","ms":107712,"pulses":[2065,2075,1753,1916,2073,1420]}
{"type":"single_goal_sent","id":6,"baseline":1420,"goal":1412,"delta":-8,"acc":5,"speed":30,"torque_command_sent":false}
{"type":"single_probe_state","phase":2,"spent":true,"key_mask":0}
{"type":"actual65","ms":107837,"pulses":[2065,2075,1753,1916,2073,1420]}
{"type":"actual65","ms":107987,"pulses":[2065,2075,1753,1916,2073,1420]}
{"type":"actual65","ms":108112,"pulses":[2065,2075,1753,1916,2073,1420]}
{"type":"actual65","ms":108237,"pulses":[2065,2075,1753,1916,2074,1420]}
{"type":"actual65","ms":108387,"pulses":[2065,2075,1753,1916,2073,1420]}
{"type":"actual65","ms":108512,"pulses":[2065,2075,1753,1916,2073,1420]}
{"type":"actual65","ms":108637,"pulses":[2065,2075,1753,1916,2073,1420]}
{"type":"single_probe_state","phase":2,"spent":true,"key_mask":0}
{"type":"actual65","ms":108787,"pulses":[2065,2075,1753,1916,2073,1420]}
{"type":"actual65","ms":108912,"pulses":[2065,2075,1753,1916,2073,1420]}
{"type":"actual65","ms":109037,"pulses":[2065,2075,1753,1916,2073,1420]}
{"type":"actual65","ms":109187,"pulses":[2065,2075,1753,1916,2073,1420]}
{"type":"actual65","ms":109312,"pulses":[2065,2075,1753,1916,2073,1420]}
{"type":"actual65","ms":109437,"pulses":[2065,2075,1753,1916,2073,1420]}
{"type":"actual65","ms":109587,"pulses":[2065,2075,1753,1916,2073,1420]}
{"type":"actual65","ms":109712,"pulses":[2065,2075,1753,1916,2073,1420]}
{"type":"single_probe_state","phase":2,"spent":true,"key_mask":0}
{"type":"actual65","ms":109837,"pulses":[2065,2075,1753,1916,2073,1420]}
{"type":"actual65","ms":109987,"pulses":[2065,2075,1753,1916,2073,1420]}
{"type":"teach_record","firmware":"nexarm-single-joint-probe-r1b","namespace":"handle_free","valid_mask":255,"storage_fault":false,"record_hex":"31444e480100ff00fb07790806071c083a087705a106fe05cc0bf90db20a78059e064c05300cee0db20a8d071b085607250bb40e1b0cb70726096906070bd90d4009b0073109c505cf0a3b0d7b09af072809cb05dd0a3b0d5c09490453081a08c6067c071a084a04b050daaf","playback_enabled":false}
{"type":"actual65","ms":110112,"pulses":[2065,2075,1753,1916,2073,1420]}
{"type":"actual65","ms":110237,"pulses":[2065,2075,1753,1916,2073,1420]}
{"type":"actual65","ms":110387,"pulses":[2065,2075,1753,1916,2073,1420]}
{"type":"actual65","ms":110512,"pulses":[2065,2075,1753,1916,2073,1420]}
{"type":"actual65","ms":110637,"pulses":[2065,2075,1753,1916,2073,1420]}
{"type":"single_probe_state","phase":2,"spent":true,"key_mask":0}
{"type":"actual65","ms":110787,"pulses":[2065,2075,1753,1916,2073,1420]}
{"type":"actual65","ms":110912,"pulses":[2065,2075,1753,1916,2073,1420]}
{"type":"actual65","ms":111037,"pulses":[2065,2075,1753,1916,2073,1420]}
{"type":"actual65","ms":111187,"pulses":[2065,2075,1753,1916,2073,1420]}
{"type":"actual65","ms":111312,"pulses":[2065,2075,1753,1916,2073,1420]}
{"type":"actual65","ms":111437,"pulses":[2065,2075,1753,1916,2073,1420]}
{"type":"actual65","ms":111587,"pulses":[2065,2075,1753,1916,2073,1420]}
{"type":"actual65","ms":111712,"pulses":[2065,2075,1753,1916,2073,1420]}
{"type":"single_probe_evidence","firmware":"nexarm-single-joint-probe-r1b","available":true,"goal_attempted":true,"goal_sent":true,"baseline_valid":true,"baseline":[2065,2075,1753,1916,2073,1420],"final":[2065,2075,1753,1916,2073,1420],"goal":1412,"wire_hex":"ffff060a032905840500001e0017","stable":true,"movement_observed":false,"frames":30,"ack_seen":false,"reason":"no_resolved_motion","goal_register_readback":false,"torque_command_sent":false,"playback_validated":false,"survives_reset":false}
{"type":"single_probe_result","movement_observed":false,"stable":true,"actual_delta":0,"frames":30,"ack_seen":false,"goal_register_readback":false,"playback_validated":false}
{"type":"single_probe_state","phase":3,"spent":true,"key_mask":0}
{"type":"single_probe_evidence","firmware":"nexarm-single-joint-probe-r1b","available":true,"goal_attempted":true,"goal_sent":true,"baseline_valid":true,"baseline":[2065,2075,1753,1916,2073,1420],"final":[2065,2075,1753,1916,2073,1420],"goal":1412,"wire_hex":"ffff060a032905840500001e0017","stable":true,"movement_observed":false,"frames":30,"ack_seen":false,"reason":"no_resolved_motion","goal_register_readback":false,"torque_command_sent":false,"playback_validated":false,"survives_reset":false}
{"type":"actual65","ms":111837,"pulses":[2065,2075,1753,1916,2073,1420]}
{"type":"actual65","ms":111987,"pulses":[2065,2075,1753,1916,2073,1420]}
{"type":"actual65","ms":112112,"pulses":[2065,2075,1753,1916,2073,1420]}
{"type":"actual65","ms":112237,"pulses":[2065,2075,1753,1916,2073,1420]}
{"type":"actual65","ms":112387,"pulses":[2065,2075,1753,1916,2074,1420]}
{"type":"actual65","ms":112512,"pulses":[2065,2075,1753,1916,2074,1420]}
{"type":"actual65","ms":112637,"pulses":[2065,2075,1753,1916,2073,1420]}
{"type":"single_probe_state","phase":3,"spent":true,"key_mask":0}
{"type":"single_probe_evidence","firmware":"nexarm-single-joint-probe-r1b","available":true,"goal_attempted":true,"goal_sent":true,"baseline_valid":true,"baseline":[2065,2075,1753,1916,2073,1420],"final":[2065,2075,1753,1916,2073,1420],"goal":1412,"wire_hex":"ffff060a032905840500001e0017","stable":true,"movement_observed":false,"frames":30,"ack_seen":false,"reason":"no_resolved_motion","goal_register_readback":false,"torque_command_sent":false,"playback_validated":false,"survives_reset":false}
{"type":"actual65","ms":112792,"pulses":[2065,2075,1753,1916,2073,1420]}
{"type":"actual65","ms":112917,"pulses":[2065,2075,1753,1916,2073,1420]}
{"type":"actual65","ms":113042,"pulses":[2065,2075,1753,1916,2073,1420]}
{"type":"actual65","ms":113187,"pulses":[2065,2075,1753,1916,2073,1420]}
{"type":"actual65","ms":113312,"pulses":[2065,2075,1753,1916,2073,1420]}
{"type":"actual65","ms":113437,"pulses":[2065,2075,1753,1916,2073,1420]}
{"type":"actual65","ms":113587,"pulses":[2065,2075,1753,1916,2073,1420]}
{"type":"actual65","ms":113712,"pulses":[2065,2075,1753,1916,2073,1420]}
{"type":"single_probe_state","phase":3,"spent":true,"key_mask":0}
{"type":"single_probe_evidence","firmware":"nexarm-single-joint-probe-r1b","available":true,"goal_attempted":true,"goal_sent":true,"baseline_valid":true,"baseline":[2065,2075,1753,1916,2073,1420],"final":[2065,2075,1753,1916,2073,1420],"goal":1412,"wire_hex":"ffff060a032905840500001e0017","stable":true,"movement_observed":false,"frames":30,"ack_seen":false,"reason":"no_resolved_motion","goal_register_readback":false,"torque_command_sent":false,"playback_validated":false,"survives_reset":false}
{"type":"actual65","ms":113837,"pulses":[2065,2075,1753,1916,2073,1420]}
{"type":"actual65","ms":113987,"pulses":[2065,2075,1753,1916,2073,1420]}
{"type":"actual65","ms":114112,"pulses":[2065,2075,1753,1916,2073,1420]}
{"type":"actual65","ms":114237,"pulses":[2065,2075,1753,1916,2073,1420]}
{"type":"actual65","ms":114387,"pulses":[2065,2075,1753,1916,2073,1420]}
{"type":"actual65","ms":114512,"pulses":[2065,2075,1753,1916,2073,1420]}
{"type":"actual65","ms":114637,"pulses":[2065,2075,1753,1916,2073,1420]}
