esptool.py v4.5.1
Serial port COM9
Connecting....
Chip is ESP32-D0WD (revision v1.1)
Features: WiFi, BT, Dual Core, 240MHz, VRef calibration in efuse, Coding Scheme None
Crystal is 40MHz
MAC: 68:09:47:7b:9f:64
Uploading stub...
Running stub...
Stub running...
Changing baud rate to 460800
Changed.
Configuring flash size...
Flash will be erased from 0x00001000 to 0x00005fff...
Flash will be erased from 0x00008000 to 0x00008fff...
Flash will be erased from 0x0000e000 to 0x0000ffff...
Flash will be erased from 0x00010000 to 0x0005afff...
Compressed 18992 bytes to 13110...
Writing at 0x00001000... (100 %)
Wrote 18992 bytes (13110 compressed) at 0x00001000 in 0.4 seconds (effective 355.4 kbit/s)...
Hash of data verified.
Compressed 3072 bytes to 146...
Writing at 0x00008000... (100 %)
Wrote 3072 bytes (146 compressed) at 0x00008000 in 0.0 seconds (effective 821.5 kbit/s)...
Hash of data verified.
Compressed 8192 bytes to 47...
Writing at 0x0000e000... (100 %)
Wrote 8192 bytes (47 compressed) at 0x0000e000 in 0.1 seconds (effective 1119.3 kbit/s)...
Hash of data verified.
Compressed 305152 bytes to 173954...
Writing at 0x00010000... (9 %)
Writing at 0x0001adf0... (18 %)
Writing at 0x00023d4f... (27 %)
Writing at 0x0002931c... (36 %)
Writing at 0x0002e849... (45 %)
Writing at 0x00033d6a... (54 %)
Writing at 0x0003945e... (63 %)
Writing at 0x0004198f... (72 %)
Writing at 0x0004c3fd... (81 %)
Writing at 0x0005194c... (90 %)
Writing at 0x00056f2f... (100 %)
Wrote 305152 bytes (173954 compressed) at 0x00010000 in 4.0 seconds (effective 614.4 kbit/s)...
Hash of data verified.

Leaving...
Verifying just-written flash...
(This option is deprecated, flash contents are now always read back after flashing.)
Verifying 0x4a30 (18992) bytes @ 0x00001000 in flash against .arduino-build-teach-record-r7k2\NexArm_Teach_Record.ino.bootloader.bin...
-- verify OK (digest matched)
Verifying 0xc00 (3072) bytes @ 0x00008000 in flash against .arduino-build-teach-record-r7k2\NexArm_Teach_Record.ino.partitions.bin...
-- verify OK (digest matched)
Verifying 0x2000 (8192) bytes @ 0x0000e000 in flash against .toolchains\esp32-core-clean-20260919\esp32-2.0.17\tools\partitions\boot_app0.bin...
-- verify OK (digest matched)
Verifying 0x4a800 (305152) bytes @ 0x00010000 in flash against .arduino-build-teach-record-r7k2\NexArm_Teach_Record.ino.bin...
-- verify OK (digest matched)
Hard resetting via RTS pin...
